// Vitest Snapshot v1, https://vitest.dev/guide/snapshot.html

exports[`SSR > should render items with renderToStaticMarkup and vertical 1`] = `"<div id="list-id" style="overflow:auto;contain:strict;width:100%;height:100%"><div style="contain:size paint style;overflow-anchor:none;flex:none;display:grid;grid-template:repeat(10,max-content) repeat(990,40px) / repeat(20,max-content) repeat(4980,40px);width:200000px;height:40000px"><div style="contain:layout style;display:grid;grid-area:1 / 1"><div>0-0</div></div><div style="contain:layout style;display:grid;grid-area:1 / 2"><div>0-1</div></div><div style="contain:layout style;display:grid;grid-area:1 / 3"><div>0-2</div></div><div style="contain:layout style;display:grid;grid-area:1 / 4"><div>0-3</div></div><div style="contain:layout style;display:grid;grid-area:1 / 5"><div>0-4</div></div><div style="contain:layout style;display:grid;grid-area:1 / 6"><div>0-5</div></div><div style="contain:layout style;display:grid;grid-area:1 / 7"><div>0-6</div></div><div style="contain:layout style;display:grid;grid-area:1 / 8"><div>0-7</div></div><div style="contain:layout style;display:grid;grid-area:1 / 9"><div>0-8</div></div><div style="contain:layout style;display:grid;grid-area:1 / 10"><div>0-9</div></div><div style="contain:layout style;display:grid;grid-area:1 / 11"><div>0-10</div></div><div style="contain:layout style;display:grid;grid-area:1 / 12"><div>0-11</div></div><div style="contain:layout style;display:grid;grid-area:1 / 13"><div>0-12</div></div><div style="contain:layout style;display:grid;grid-area:1 / 14"><div>0-13</div></div><div style="contain:layout style;display:grid;grid-area:1 / 15"><div>0-14</div></div><div style="contain:layout style;display:grid;grid-area:1 / 16"><div>0-15</div></div><div style="contain:layout style;display:grid;grid-area:1 / 17"><div>0-16</div></div><div style="contain:layout style;display:grid;grid-area:1 / 18"><div>0-17</div></div><div style="contain:layout style;display:grid;grid-area:1 / 19"><div>0-18</div></div><div style="contain:layout style;display:grid;grid-area:1 / 20"><div>0-19</div></div><div style="contain:layout style;display:grid;grid-area:2 / 1"><div>1-0</div></div><div style="contain:layout style;display:grid;grid-area:2 / 2"><div>1-1</div></div><div style="contain:layout style;display:grid;grid-area:2 / 3"><div>1-2</div></div><div style="contain:layout style;display:grid;grid-area:2 / 4"><div>1-3</div></div><div style="contain:layout style;display:grid;grid-area:2 / 5"><div>1-4</div></div><div style="contain:layout style;display:grid;grid-area:2 / 6"><div>1-5</div></div><div style="contain:layout style;display:grid;grid-area:2 / 7"><div>1-6</div></div><div style="contain:layout style;display:grid;grid-area:2 / 8"><div>1-7</div></div><div style="contain:layout style;display:grid;grid-area:2 / 9"><div>1-8</div></div><div style="contain:layout style;display:grid;grid-area:2 / 10"><div>1-9</div></div><div style="contain:layout style;display:grid;grid-area:2 / 11"><div>1-10</div></div><div style="contain:layout style;display:grid;grid-area:2 / 12"><div>1-11</div></div><div style="contain:layout style;display:grid;grid-area:2 / 13"><div>1-12</div></div><div style="contain:layout style;display:grid;grid-area:2 / 14"><div>1-13</div></div><div style="contain:layout style;display:grid;grid-area:2 / 15"><div>1-14</div></div><div style="contain:layout style;display:grid;grid-area:2 / 16"><div>1-15</div></div><div style="contain:layout style;display:grid;grid-area:2 / 17"><div>1-16</div></div><div style="contain:layout style;display:grid;grid-area:2 / 18"><div>1-17</div></div><div style="contain:layout style;display:grid;grid-area:2 / 19"><div>1-18</div></div><div style="contain:layout style;display:grid;grid-area:2 / 20"><div>1-19</div></div><div style="contain:layout style;display:grid;grid-area:3 / 1"><div>2-0</div></div><div style="contain:layout style;display:grid;grid-area:3 / 2"><div>2-1</div></div><div style="contain:layout style;display:grid;grid-area:3 / 3"><div>2-2</div></div><div style="contain:layout style;display:grid;grid-area:3 / 4"><div>2-3</div></div><div style="contain:layout style;display:grid;grid-area:3 / 5"><div>2-4</div></div><div style="contain:layout style;display:grid;grid-area:3 / 6"><div>2-5</div></div><div style="contain:layout style;display:grid;grid-area:3 / 7"><div>2-6</div></div><div style="contain:layout style;display:grid;grid-area:3 / 8"><div>2-7</div></div><div style="contain:layout style;display:grid;grid-area:3 / 9"><div>2-8</div></div><div style="contain:layout style;display:grid;grid-area:3 / 10"><div>2-9</div></div><div style="contain:layout style;display:grid;grid-area:3 / 11"><div>2-10</div></div><div style="contain:layout style;display:grid;grid-area:3 / 12"><div>2-11</div></div><div style="contain:layout style;display:grid;grid-area:3 / 13"><div>2-12</div></div><div style="contain:layout style;display:grid;grid-area:3 / 14"><div>2-13</div></div><div style="contain:layout style;display:grid;grid-area:3 / 15"><div>2-14</div></div><div style="contain:layout style;display:grid;grid-area:3 / 16"><div>2-15</div></div><div style="contain:layout style;display:grid;grid-area:3 / 17"><div>2-16</div></div><div style="contain:layout style;display:grid;grid-area:3 / 18"><div>2-17</div></div><div style="contain:layout style;display:grid;grid-area:3 / 19"><div>2-18</div></div><div style="contain:layout style;display:grid;grid-area:3 / 20"><div>2-19</div></div><div style="contain:layout style;display:grid;grid-area:4 / 1"><div>3-0</div></div><div style="contain:layout style;display:grid;grid-area:4 / 2"><div>3-1</div></div><div style="contain:layout style;display:grid;grid-area:4 / 3"><div>3-2</div></div><div style="contain:layout style;display:grid;grid-area:4 / 4"><div>3-3</div></div><div style="contain:layout style;display:grid;grid-area:4 / 5"><div>3-4</div></div><div style="contain:layout style;display:grid;grid-area:4 / 6"><div>3-5</div></div><div style="contain:layout style;display:grid;grid-area:4 / 7"><div>3-6</div></div><div style="contain:layout style;display:grid;grid-area:4 / 8"><div>3-7</div></div><div style="contain:layout style;display:grid;grid-area:4 / 9"><div>3-8</div></div><div style="contain:layout style;display:grid;grid-area:4 / 10"><div>3-9</div></div><div style="contain:layout style;display:grid;grid-area:4 / 11"><div>3-10</div></div><div style="contain:layout style;display:grid;grid-area:4 / 12"><div>3-11</div></div><div style="contain:layout style;display:grid;grid-area:4 / 13"><div>3-12</div></div><div style="contain:layout style;display:grid;grid-area:4 / 14"><div>3-13</div></div><div style="contain:layout style;display:grid;grid-area:4 / 15"><div>3-14</div></div><div style="contain:layout style;display:grid;grid-area:4 / 16"><div>3-15</div></div><div style="contain:layout style;display:grid;grid-area:4 / 17"><div>3-16</div></div><div style="contain:layout style;display:grid;grid-area:4 / 18"><div>3-17</div></div><div style="contain:layout style;display:grid;grid-area:4 / 19"><div>3-18</div></div><div style="contain:layout style;display:grid;grid-area:4 / 20"><div>3-19</div></div><div style="contain:layout style;display:grid;grid-area:5 / 1"><div>4-0</div></div><div style="contain:layout style;display:grid;grid-area:5 / 2"><div>4-1</div></div><div style="contain:layout style;display:grid;grid-area:5 / 3"><div>4-2</div></div><div style="contain:layout style;display:grid;grid-area:5 / 4"><div>4-3</div></div><div style="contain:layout style;display:grid;grid-area:5 / 5"><div>4-4</div></div><div style="contain:layout style;display:grid;grid-area:5 / 6"><div>4-5</div></div><div style="contain:layout style;display:grid;grid-area:5 / 7"><div>4-6</div></div><div style="contain:layout style;display:grid;grid-area:5 / 8"><div>4-7</div></div><div style="contain:layout style;display:grid;grid-area:5 / 9"><div>4-8</div></div><div style="contain:layout style;display:grid;grid-area:5 / 10"><div>4-9</div></div><div style="contain:layout style;display:grid;grid-area:5 / 11"><div>4-10</div></div><div style="contain:layout style;display:grid;grid-area:5 / 12"><div>4-11</div></div><div style="contain:layout style;display:grid;grid-area:5 / 13"><div>4-12</div></div><div style="contain:layout style;display:grid;grid-area:5 / 14"><div>4-13</div></div><div style="contain:layout style;display:grid;grid-area:5 / 15"><div>4-14</div></div><div style="contain:layout style;display:grid;grid-area:5 / 16"><div>4-15</div></div><div style="contain:layout style;display:grid;grid-area:5 / 17"><div>4-16</div></div><div style="contain:layout style;display:grid;grid-area:5 / 18"><div>4-17</div></div><div style="contain:layout style;display:grid;grid-area:5 / 19"><div>4-18</div></div><div style="contain:layout style;display:grid;grid-area:5 / 20"><div>4-19</div></div><div style="contain:layout style;display:grid;grid-area:6 / 1"><div>5-0</div></div><div style="contain:layout style;display:grid;grid-area:6 / 2"><div>5-1</div></div><div style="contain:layout style;display:grid;grid-area:6 / 3"><div>5-2</div></div><div style="contain:layout style;display:grid;grid-area:6 / 4"><div>5-3</div></div><div style="contain:layout style;display:grid;grid-area:6 / 5"><div>5-4</div></div><div style="contain:layout style;display:grid;grid-area:6 / 6"><div>5-5</div></div><div style="contain:layout style;display:grid;grid-area:6 / 7"><div>5-6</div></div><div style="contain:layout style;display:grid;grid-area:6 / 8"><div>5-7</div></div><div style="contain:layout style;display:grid;grid-area:6 / 9"><div>5-8</div></div><div style="contain:layout style;display:grid;grid-area:6 / 10"><div>5-9</div></div><div style="contain:layout style;display:grid;grid-area:6 / 11"><div>5-10</div></div><div style="contain:layout style;display:grid;grid-area:6 / 12"><div>5-11</div></div><div style="contain:layout style;display:grid;grid-area:6 / 13"><div>5-12</div></div><div style="contain:layout style;display:grid;grid-area:6 / 14"><div>5-13</div></div><div style="contain:layout style;display:grid;grid-area:6 / 15"><div>5-14</div></div><div style="contain:layout style;display:grid;grid-area:6 / 16"><div>5-15</div></div><div style="contain:layout style;display:grid;grid-area:6 / 17"><div>5-16</div></div><div style="contain:layout style;display:grid;grid-area:6 / 18"><div>5-17</div></div><div style="contain:layout style;display:grid;grid-area:6 / 19"><div>5-18</div></div><div style="contain:layout style;display:grid;grid-area:6 / 20"><div>5-19</div></div><div style="contain:layout style;display:grid;grid-area:7 / 1"><div>6-0</div></div><div style="contain:layout style;display:grid;grid-area:7 / 2"><div>6-1</div></div><div style="contain:layout style;display:grid;grid-area:7 / 3"><div>6-2</div></div><div style="contain:layout style;display:grid;grid-area:7 / 4"><div>6-3</div></div><div style="contain:layout style;display:grid;grid-area:7 / 5"><div>6-4</div></div><div style="contain:layout style;display:grid;grid-area:7 / 6"><div>6-5</div></div><div style="contain:layout style;display:grid;grid-area:7 / 7"><div>6-6</div></div><div style="contain:layout style;display:grid;grid-area:7 / 8"><div>6-7</div></div><div style="contain:layout style;display:grid;grid-area:7 / 9"><div>6-8</div></div><div style="contain:layout style;display:grid;grid-area:7 / 10"><div>6-9</div></div><div style="contain:layout style;display:grid;grid-area:7 / 11"><div>6-10</div></div><div style="contain:layout style;display:grid;grid-area:7 / 12"><div>6-11</div></div><div style="contain:layout style;display:grid;grid-area:7 / 13"><div>6-12</div></div><div style="contain:layout style;display:grid;grid-area:7 / 14"><div>6-13</div></div><div style="contain:layout style;display:grid;grid-area:7 / 15"><div>6-14</div></div><div style="contain:layout style;display:grid;grid-area:7 / 16"><div>6-15</div></div><div style="contain:layout style;display:grid;grid-area:7 / 17"><div>6-16</div></div><div style="contain:layout style;display:grid;grid-area:7 / 18"><div>6-17</div></div><div style="contain:layout style;display:grid;grid-area:7 / 19"><div>6-18</div></div><div style="contain:layout style;display:grid;grid-area:7 / 20"><div>6-19</div></div><div style="contain:layout style;display:grid;grid-area:8 / 1"><div>7-0</div></div><div style="contain:layout style;display:grid;grid-area:8 / 2"><div>7-1</div></div><div style="contain:layout style;display:grid;grid-area:8 / 3"><div>7-2</div></div><div style="contain:layout style;display:grid;grid-area:8 / 4"><div>7-3</div></div><div style="contain:layout style;display:grid;grid-area:8 / 5"><div>7-4</div></div><div style="contain:layout style;display:grid;grid-area:8 / 6"><div>7-5</div></div><div style="contain:layout style;display:grid;grid-area:8 / 7"><div>7-6</div></div><div style="contain:layout style;display:grid;grid-area:8 / 8"><div>7-7</div></div><div style="contain:layout style;display:grid;grid-area:8 / 9"><div>7-8</div></div><div style="contain:layout style;display:grid;grid-area:8 / 10"><div>7-9</div></div><div style="contain:layout style;display:grid;grid-area:8 / 11"><div>7-10</div></div><div style="contain:layout style;display:grid;grid-area:8 / 12"><div>7-11</div></div><div style="contain:layout style;display:grid;grid-area:8 / 13"><div>7-12</div></div><div style="contain:layout style;display:grid;grid-area:8 / 14"><div>7-13</div></div><div style="contain:layout style;display:grid;grid-area:8 / 15"><div>7-14</div></div><div style="contain:layout style;display:grid;grid-area:8 / 16"><div>7-15</div></div><div style="contain:layout style;display:grid;grid-area:8 / 17"><div>7-16</div></div><div style="contain:layout style;display:grid;grid-area:8 / 18"><div>7-17</div></div><div style="contain:layout style;display:grid;grid-area:8 / 19"><div>7-18</div></div><div style="contain:layout style;display:grid;grid-area:8 / 20"><div>7-19</div></div><div style="contain:layout style;display:grid;grid-area:9 / 1"><div>8-0</div></div><div style="contain:layout style;display:grid;grid-area:9 / 2"><div>8-1</div></div><div style="contain:layout style;display:grid;grid-area:9 / 3"><div>8-2</div></div><div style="contain:layout style;display:grid;grid-area:9 / 4"><div>8-3</div></div><div style="contain:layout style;display:grid;grid-area:9 / 5"><div>8-4</div></div><div style="contain:layout style;display:grid;grid-area:9 / 6"><div>8-5</div></div><div style="contain:layout style;display:grid;grid-area:9 / 7"><div>8-6</div></div><div style="contain:layout style;display:grid;grid-area:9 / 8"><div>8-7</div></div><div style="contain:layout style;display:grid;grid-area:9 / 9"><div>8-8</div></div><div style="contain:layout style;display:grid;grid-area:9 / 10"><div>8-9</div></div><div style="contain:layout style;display:grid;grid-area:9 / 11"><div>8-10</div></div><div style="contain:layout style;display:grid;grid-area:9 / 12"><div>8-11</div></div><div style="contain:layout style;display:grid;grid-area:9 / 13"><div>8-12</div></div><div style="contain:layout style;display:grid;grid-area:9 / 14"><div>8-13</div></div><div style="contain:layout style;display:grid;grid-area:9 / 15"><div>8-14</div></div><div style="contain:layout style;display:grid;grid-area:9 / 16"><div>8-15</div></div><div style="contain:layout style;display:grid;grid-area:9 / 17"><div>8-16</div></div><div style="contain:layout style;display:grid;grid-area:9 / 18"><div>8-17</div></div><div style="contain:layout style;display:grid;grid-area:9 / 19"><div>8-18</div></div><div style="contain:layout style;display:grid;grid-area:9 / 20"><div>8-19</div></div><div style="contain:layout style;display:grid;grid-area:10 / 1"><div>9-0</div></div><div style="contain:layout style;display:grid;grid-area:10 / 2"><div>9-1</div></div><div style="contain:layout style;display:grid;grid-area:10 / 3"><div>9-2</div></div><div style="contain:layout style;display:grid;grid-area:10 / 4"><div>9-3</div></div><div style="contain:layout style;display:grid;grid-area:10 / 5"><div>9-4</div></div><div style="contain:layout style;display:grid;grid-area:10 / 6"><div>9-5</div></div><div style="contain:layout style;display:grid;grid-area:10 / 7"><div>9-6</div></div><div style="contain:layout style;display:grid;grid-area:10 / 8"><div>9-7</div></div><div style="contain:layout style;display:grid;grid-area:10 / 9"><div>9-8</div></div><div style="contain:layout style;display:grid;grid-area:10 / 10"><div>9-9</div></div><div style="contain:layout style;display:grid;grid-area:10 / 11"><div>9-10</div></div><div style="contain:layout style;display:grid;grid-area:10 / 12"><div>9-11</div></div><div style="contain:layout style;display:grid;grid-area:10 / 13"><div>9-12</div></div><div style="contain:layout style;display:grid;grid-area:10 / 14"><div>9-13</div></div><div style="contain:layout style;display:grid;grid-area:10 / 15"><div>9-14</div></div><div style="contain:layout style;display:grid;grid-area:10 / 16"><div>9-15</div></div><div style="contain:layout style;display:grid;grid-area:10 / 17"><div>9-16</div></div><div style="contain:layout style;display:grid;grid-area:10 / 18"><div>9-17</div></div><div style="contain:layout style;display:grid;grid-area:10 / 19"><div>9-18</div></div><div style="contain:layout style;display:grid;grid-area:10 / 20"><div>9-19</div></div></div></div>"`;

exports[`SSR > should render items with renderToString and vertical 1`] = `"<div id="list-id" style="overflow:auto;contain:strict;width:100%;height:100%"><div style="contain:size paint style;overflow-anchor:none;flex:none;display:grid;grid-template:repeat(10,max-content) repeat(990,40px) / repeat(20,max-content) repeat(4980,40px);width:200000px;height:40000px"><div style="contain:layout style;display:grid;grid-area:1 / 1"><div>0<!-- -->-<!-- -->0</div></div><div style="contain:layout style;display:grid;grid-area:1 / 2"><div>0<!-- -->-<!-- -->1</div></div><div style="contain:layout style;display:grid;grid-area:1 / 3"><div>0<!-- -->-<!-- -->2</div></div><div style="contain:layout style;display:grid;grid-area:1 / 4"><div>0<!-- -->-<!-- -->3</div></div><div style="contain:layout style;display:grid;grid-area:1 / 5"><div>0<!-- -->-<!-- -->4</div></div><div style="contain:layout style;display:grid;grid-area:1 / 6"><div>0<!-- -->-<!-- -->5</div></div><div style="contain:layout style;display:grid;grid-area:1 / 7"><div>0<!-- -->-<!-- -->6</div></div><div style="contain:layout style;display:grid;grid-area:1 / 8"><div>0<!-- -->-<!-- -->7</div></div><div style="contain:layout style;display:grid;grid-area:1 / 9"><div>0<!-- -->-<!-- -->8</div></div><div style="contain:layout style;display:grid;grid-area:1 / 10"><div>0<!-- -->-<!-- -->9</div></div><div style="contain:layout style;display:grid;grid-area:1 / 11"><div>0<!-- -->-<!-- -->10</div></div><div style="contain:layout style;display:grid;grid-area:1 / 12"><div>0<!-- -->-<!-- -->11</div></div><div style="contain:layout style;display:grid;grid-area:1 / 13"><div>0<!-- -->-<!-- -->12</div></div><div style="contain:layout style;display:grid;grid-area:1 / 14"><div>0<!-- -->-<!-- -->13</div></div><div style="contain:layout style;display:grid;grid-area:1 / 15"><div>0<!-- -->-<!-- -->14</div></div><div style="contain:layout style;display:grid;grid-area:1 / 16"><div>0<!-- -->-<!-- -->15</div></div><div style="contain:layout style;display:grid;grid-area:1 / 17"><div>0<!-- -->-<!-- -->16</div></div><div style="contain:layout style;display:grid;grid-area:1 / 18"><div>0<!-- -->-<!-- -->17</div></div><div style="contain:layout style;display:grid;grid-area:1 / 19"><div>0<!-- -->-<!-- -->18</div></div><div style="contain:layout style;display:grid;grid-area:1 / 20"><div>0<!-- -->-<!-- -->19</div></div><div style="contain:layout style;display:grid;grid-area:2 / 1"><div>1<!-- -->-<!-- -->0</div></div><div style="contain:layout style;display:grid;grid-area:2 / 2"><div>1<!-- -->-<!-- -->1</div></div><div style="contain:layout style;display:grid;grid-area:2 / 3"><div>1<!-- -->-<!-- -->2</div></div><div style="contain:layout style;display:grid;grid-area:2 / 4"><div>1<!-- -->-<!-- -->3</div></div><div style="contain:layout style;display:grid;grid-area:2 / 5"><div>1<!-- -->-<!-- -->4</div></div><div style="contain:layout style;display:grid;grid-area:2 / 6"><div>1<!-- -->-<!-- -->5</div></div><div style="contain:layout style;display:grid;grid-area:2 / 7"><div>1<!-- -->-<!-- -->6</div></div><div style="contain:layout style;display:grid;grid-area:2 / 8"><div>1<!-- -->-<!-- -->7</div></div><div style="contain:layout style;display:grid;grid-area:2 / 9"><div>1<!-- -->-<!-- -->8</div></div><div style="contain:layout style;display:grid;grid-area:2 / 10"><div>1<!-- -->-<!-- -->9</div></div><div style="contain:layout style;display:grid;grid-area:2 / 11"><div>1<!-- -->-<!-- -->10</div></div><div style="contain:layout style;display:grid;grid-area:2 / 12"><div>1<!-- -->-<!-- -->11</div></div><div style="contain:layout style;display:grid;grid-area:2 / 13"><div>1<!-- -->-<!-- -->12</div></div><div style="contain:layout style;display:grid;grid-area:2 / 14"><div>1<!-- -->-<!-- -->13</div></div><div style="contain:layout style;display:grid;grid-area:2 / 15"><div>1<!-- -->-<!-- -->14</div></div><div style="contain:layout style;display:grid;grid-area:2 / 16"><div>1<!-- -->-<!-- -->15</div></div><div style="contain:layout style;display:grid;grid-area:2 / 17"><div>1<!-- -->-<!-- -->16</div></div><div style="contain:layout style;display:grid;grid-area:2 / 18"><div>1<!-- -->-<!-- -->17</div></div><div style="contain:layout style;display:grid;grid-area:2 / 19"><div>1<!-- -->-<!-- -->18</div></div><div style="contain:layout style;display:grid;grid-area:2 / 20"><div>1<!-- -->-<!-- -->19</div></div><div style="contain:layout style;display:grid;grid-area:3 / 1"><div>2<!-- -->-<!-- -->0</div></div><div style="contain:layout style;display:grid;grid-area:3 / 2"><div>2<!-- -->-<!-- -->1</div></div><div style="contain:layout style;display:grid;grid-area:3 / 3"><div>2<!-- -->-<!-- -->2</div></div><div style="contain:layout style;display:grid;grid-area:3 / 4"><div>2<!-- -->-<!-- -->3</div></div><div style="contain:layout style;display:grid;grid-area:3 / 5"><div>2<!-- -->-<!-- -->4</div></div><div style="contain:layout style;display:grid;grid-area:3 / 6"><div>2<!-- -->-<!-- -->5</div></div><div style="contain:layout style;display:grid;grid-area:3 / 7"><div>2<!-- -->-<!-- -->6</div></div><div style="contain:layout style;display:grid;grid-area:3 / 8"><div>2<!-- -->-<!-- -->7</div></div><div style="contain:layout style;display:grid;grid-area:3 / 9"><div>2<!-- -->-<!-- -->8</div></div><div style="contain:layout style;display:grid;grid-area:3 / 10"><div>2<!-- -->-<!-- -->9</div></div><div style="contain:layout style;display:grid;grid-area:3 / 11"><div>2<!-- -->-<!-- -->10</div></div><div style="contain:layout style;display:grid;grid-area:3 / 12"><div>2<!-- -->-<!-- -->11</div></div><div style="contain:layout style;display:grid;grid-area:3 / 13"><div>2<!-- -->-<!-- -->12</div></div><div style="contain:layout style;display:grid;grid-area:3 / 14"><div>2<!-- -->-<!-- -->13</div></div><div style="contain:layout style;display:grid;grid-area:3 / 15"><div>2<!-- -->-<!-- -->14</div></div><div style="contain:layout style;display:grid;grid-area:3 / 16"><div>2<!-- -->-<!-- -->15</div></div><div style="contain:layout style;display:grid;grid-area:3 / 17"><div>2<!-- -->-<!-- -->16</div></div><div style="contain:layout style;display:grid;grid-area:3 / 18"><div>2<!-- -->-<!-- -->17</div></div><div style="contain:layout style;display:grid;grid-area:3 / 19"><div>2<!-- -->-<!-- -->18</div></div><div style="contain:layout style;display:grid;grid-area:3 / 20"><div>2<!-- -->-<!-- -->19</div></div><div style="contain:layout style;display:grid;grid-area:4 / 1"><div>3<!-- -->-<!-- -->0</div></div><div style="contain:layout style;display:grid;grid-area:4 / 2"><div>3<!-- -->-<!-- -->1</div></div><div style="contain:layout style;display:grid;grid-area:4 / 3"><div>3<!-- -->-<!-- -->2</div></div><div style="contain:layout style;display:grid;grid-area:4 / 4"><div>3<!-- -->-<!-- -->3</div></div><div style="contain:layout style;display:grid;grid-area:4 / 5"><div>3<!-- -->-<!-- -->4</div></div><div style="contain:layout style;display:grid;grid-area:4 / 6"><div>3<!-- -->-<!-- -->5</div></div><div style="contain:layout style;display:grid;grid-area:4 / 7"><div>3<!-- -->-<!-- -->6</div></div><div style="contain:layout style;display:grid;grid-area:4 / 8"><div>3<!-- -->-<!-- -->7</div></div><div style="contain:layout style;display:grid;grid-area:4 / 9"><div>3<!-- -->-<!-- -->8</div></div><div style="contain:layout style;display:grid;grid-area:4 / 10"><div>3<!-- -->-<!-- -->9</div></div><div style="contain:layout style;display:grid;grid-area:4 / 11"><div>3<!-- -->-<!-- -->10</div></div><div style="contain:layout style;display:grid;grid-area:4 / 12"><div>3<!-- -->-<!-- -->11</div></div><div style="contain:layout style;display:grid;grid-area:4 / 13"><div>3<!-- -->-<!-- -->12</div></div><div style="contain:layout style;display:grid;grid-area:4 / 14"><div>3<!-- -->-<!-- -->13</div></div><div style="contain:layout style;display:grid;grid-area:4 / 15"><div>3<!-- -->-<!-- -->14</div></div><div style="contain:layout style;display:grid;grid-area:4 / 16"><div>3<!-- -->-<!-- -->15</div></div><div style="contain:layout style;display:grid;grid-area:4 / 17"><div>3<!-- -->-<!-- -->16</div></div><div style="contain:layout style;display:grid;grid-area:4 / 18"><div>3<!-- -->-<!-- -->17</div></div><div style="contain:layout style;display:grid;grid-area:4 / 19"><div>3<!-- -->-<!-- -->18</div></div><div style="contain:layout style;display:grid;grid-area:4 / 20"><div>3<!-- -->-<!-- -->19</div></div><div style="contain:layout style;display:grid;grid-area:5 / 1"><div>4<!-- -->-<!-- -->0</div></div><div style="contain:layout style;display:grid;grid-area:5 / 2"><div>4<!-- -->-<!-- -->1</div></div><div style="contain:layout style;display:grid;grid-area:5 / 3"><div>4<!-- -->-<!-- -->2</div></div><div style="contain:layout style;display:grid;grid-area:5 / 4"><div>4<!-- -->-<!-- -->3</div></div><div style="contain:layout style;display:grid;grid-area:5 / 5"><div>4<!-- -->-<!-- -->4</div></div><div style="contain:layout style;display:grid;grid-area:5 / 6"><div>4<!-- -->-<!-- -->5</div></div><div style="contain:layout style;display:grid;grid-area:5 / 7"><div>4<!-- -->-<!-- -->6</div></div><div style="contain:layout style;display:grid;grid-area:5 / 8"><div>4<!-- -->-<!-- -->7</div></div><div style="contain:layout style;display:grid;grid-area:5 / 9"><div>4<!-- -->-<!-- -->8</div></div><div style="contain:layout style;display:grid;grid-area:5 / 10"><div>4<!-- -->-<!-- -->9</div></div><div style="contain:layout style;display:grid;grid-area:5 / 11"><div>4<!-- -->-<!-- -->10</div></div><div style="contain:layout style;display:grid;grid-area:5 / 12"><div>4<!-- -->-<!-- -->11</div></div><div style="contain:layout style;display:grid;grid-area:5 / 13"><div>4<!-- -->-<!-- -->12</div></div><div style="contain:layout style;display:grid;grid-area:5 / 14"><div>4<!-- -->-<!-- -->13</div></div><div style="contain:layout style;display:grid;grid-area:5 / 15"><div>4<!-- -->-<!-- -->14</div></div><div style="contain:layout style;display:grid;grid-area:5 / 16"><div>4<!-- -->-<!-- -->15</div></div><div style="contain:layout style;display:grid;grid-area:5 / 17"><div>4<!-- -->-<!-- -->16</div></div><div style="contain:layout style;display:grid;grid-area:5 / 18"><div>4<!-- -->-<!-- -->17</div></div><div style="contain:layout style;display:grid;grid-area:5 / 19"><div>4<!-- -->-<!-- -->18</div></div><div style="contain:layout style;display:grid;grid-area:5 / 20"><div>4<!-- -->-<!-- -->19</div></div><div style="contain:layout style;display:grid;grid-area:6 / 1"><div>5<!-- -->-<!-- -->0</div></div><div style="contain:layout style;display:grid;grid-area:6 / 2"><div>5<!-- -->-<!-- -->1</div></div><div style="contain:layout style;display:grid;grid-area:6 / 3"><div>5<!-- -->-<!-- -->2</div></div><div style="contain:layout style;display:grid;grid-area:6 / 4"><div>5<!-- -->-<!-- -->3</div></div><div style="contain:layout style;display:grid;grid-area:6 / 5"><div>5<!-- -->-<!-- -->4</div></div><div style="contain:layout style;display:grid;grid-area:6 / 6"><div>5<!-- -->-<!-- -->5</div></div><div style="contain:layout style;display:grid;grid-area:6 / 7"><div>5<!-- -->-<!-- -->6</div></div><div style="contain:layout style;display:grid;grid-area:6 / 8"><div>5<!-- -->-<!-- -->7</div></div><div style="contain:layout style;display:grid;grid-area:6 / 9"><div>5<!-- -->-<!-- -->8</div></div><div style="contain:layout style;display:grid;grid-area:6 / 10"><div>5<!-- -->-<!-- -->9</div></div><div style="contain:layout style;display:grid;grid-area:6 / 11"><div>5<!-- -->-<!-- -->10</div></div><div style="contain:layout style;display:grid;grid-area:6 / 12"><div>5<!-- -->-<!-- -->11</div></div><div style="contain:layout style;display:grid;grid-area:6 / 13"><div>5<!-- -->-<!-- -->12</div></div><div style="contain:layout style;display:grid;grid-area:6 / 14"><div>5<!-- -->-<!-- -->13</div></div><div style="contain:layout style;display:grid;grid-area:6 / 15"><div>5<!-- -->-<!-- -->14</div></div><div style="contain:layout style;display:grid;grid-area:6 / 16"><div>5<!-- -->-<!-- -->15</div></div><div style="contain:layout style;display:grid;grid-area:6 / 17"><div>5<!-- -->-<!-- -->16</div></div><div style="contain:layout style;display:grid;grid-area:6 / 18"><div>5<!-- -->-<!-- -->17</div></div><div style="contain:layout style;display:grid;grid-area:6 / 19"><div>5<!-- -->-<!-- -->18</div></div><div style="contain:layout style;display:grid;grid-area:6 / 20"><div>5<!-- -->-<!-- -->19</div></div><div style="contain:layout style;display:grid;grid-area:7 / 1"><div>6<!-- -->-<!-- -->0</div></div><div style="contain:layout style;display:grid;grid-area:7 / 2"><div>6<!-- -->-<!-- -->1</div></div><div style="contain:layout style;display:grid;grid-area:7 / 3"><div>6<!-- -->-<!-- -->2</div></div><div style="contain:layout style;display:grid;grid-area:7 / 4"><div>6<!-- -->-<!-- -->3</div></div><div style="contain:layout style;display:grid;grid-area:7 / 5"><div>6<!-- -->-<!-- -->4</div></div><div style="contain:layout style;display:grid;grid-area:7 / 6"><div>6<!-- -->-<!-- -->5</div></div><div style="contain:layout style;display:grid;grid-area:7 / 7"><div>6<!-- -->-<!-- -->6</div></div><div style="contain:layout style;display:grid;grid-area:7 / 8"><div>6<!-- -->-<!-- -->7</div></div><div style="contain:layout style;display:grid;grid-area:7 / 9"><div>6<!-- -->-<!-- -->8</div></div><div style="contain:layout style;display:grid;grid-area:7 / 10"><div>6<!-- -->-<!-- -->9</div></div><div style="contain:layout style;display:grid;grid-area:7 / 11"><div>6<!-- -->-<!-- -->10</div></div><div style="contain:layout style;display:grid;grid-area:7 / 12"><div>6<!-- -->-<!-- -->11</div></div><div style="contain:layout style;display:grid;grid-area:7 / 13"><div>6<!-- -->-<!-- -->12</div></div><div style="contain:layout style;display:grid;grid-area:7 / 14"><div>6<!-- -->-<!-- -->13</div></div><div style="contain:layout style;display:grid;grid-area:7 / 15"><div>6<!-- -->-<!-- -->14</div></div><div style="contain:layout style;display:grid;grid-area:7 / 16"><div>6<!-- -->-<!-- -->15</div></div><div style="contain:layout style;display:grid;grid-area:7 / 17"><div>6<!-- -->-<!-- -->16</div></div><div style="contain:layout style;display:grid;grid-area:7 / 18"><div>6<!-- -->-<!-- -->17</div></div><div style="contain:layout style;display:grid;grid-area:7 / 19"><div>6<!-- -->-<!-- -->18</div></div><div style="contain:layout style;display:grid;grid-area:7 / 20"><div>6<!-- -->-<!-- -->19</div></div><div style="contain:layout style;display:grid;grid-area:8 / 1"><div>7<!-- -->-<!-- -->0</div></div><div style="contain:layout style;display:grid;grid-area:8 / 2"><div>7<!-- -->-<!-- -->1</div></div><div style="contain:layout style;display:grid;grid-area:8 / 3"><div>7<!-- -->-<!-- -->2</div></div><div style="contain:layout style;display:grid;grid-area:8 / 4"><div>7<!-- -->-<!-- -->3</div></div><div style="contain:layout style;display:grid;grid-area:8 / 5"><div>7<!-- -->-<!-- -->4</div></div><div style="contain:layout style;display:grid;grid-area:8 / 6"><div>7<!-- -->-<!-- -->5</div></div><div style="contain:layout style;display:grid;grid-area:8 / 7"><div>7<!-- -->-<!-- -->6</div></div><div style="contain:layout style;display:grid;grid-area:8 / 8"><div>7<!-- -->-<!-- -->7</div></div><div style="contain:layout style;display:grid;grid-area:8 / 9"><div>7<!-- -->-<!-- -->8</div></div><div style="contain:layout style;display:grid;grid-area:8 / 10"><div>7<!-- -->-<!-- -->9</div></div><div style="contain:layout style;display:grid;grid-area:8 / 11"><div>7<!-- -->-<!-- -->10</div></div><div style="contain:layout style;display:grid;grid-area:8 / 12"><div>7<!-- -->-<!-- -->11</div></div><div style="contain:layout style;display:grid;grid-area:8 / 13"><div>7<!-- -->-<!-- -->12</div></div><div style="contain:layout style;display:grid;grid-area:8 / 14"><div>7<!-- -->-<!-- -->13</div></div><div style="contain:layout style;display:grid;grid-area:8 / 15"><div>7<!-- -->-<!-- -->14</div></div><div style="contain:layout style;display:grid;grid-area:8 / 16"><div>7<!-- -->-<!-- -->15</div></div><div style="contain:layout style;display:grid;grid-area:8 / 17"><div>7<!-- -->-<!-- -->16</div></div><div style="contain:layout style;display:grid;grid-area:8 / 18"><div>7<!-- -->-<!-- -->17</div></div><div style="contain:layout style;display:grid;grid-area:8 / 19"><div>7<!-- -->-<!-- -->18</div></div><div style="contain:layout style;display:grid;grid-area:8 / 20"><div>7<!-- -->-<!-- -->19</div></div><div style="contain:layout style;display:grid;grid-area:9 / 1"><div>8<!-- -->-<!-- -->0</div></div><div style="contain:layout style;display:grid;grid-area:9 / 2"><div>8<!-- -->-<!-- -->1</div></div><div style="contain:layout style;display:grid;grid-area:9 / 3"><div>8<!-- -->-<!-- -->2</div></div><div style="contain:layout style;display:grid;grid-area:9 / 4"><div>8<!-- -->-<!-- -->3</div></div><div style="contain:layout style;display:grid;grid-area:9 / 5"><div>8<!-- -->-<!-- -->4</div></div><div style="contain:layout style;display:grid;grid-area:9 / 6"><div>8<!-- -->-<!-- -->5</div></div><div style="contain:layout style;display:grid;grid-area:9 / 7"><div>8<!-- -->-<!-- -->6</div></div><div style="contain:layout style;display:grid;grid-area:9 / 8"><div>8<!-- -->-<!-- -->7</div></div><div style="contain:layout style;display:grid;grid-area:9 / 9"><div>8<!-- -->-<!-- -->8</div></div><div style="contain:layout style;display:grid;grid-area:9 / 10"><div>8<!-- -->-<!-- -->9</div></div><div style="contain:layout style;display:grid;grid-area:9 / 11"><div>8<!-- -->-<!-- -->10</div></div><div style="contain:layout style;display:grid;grid-area:9 / 12"><div>8<!-- -->-<!-- -->11</div></div><div style="contain:layout style;display:grid;grid-area:9 / 13"><div>8<!-- -->-<!-- -->12</div></div><div style="contain:layout style;display:grid;grid-area:9 / 14"><div>8<!-- -->-<!-- -->13</div></div><div style="contain:layout style;display:grid;grid-area:9 / 15"><div>8<!-- -->-<!-- -->14</div></div><div style="contain:layout style;display:grid;grid-area:9 / 16"><div>8<!-- -->-<!-- -->15</div></div><div style="contain:layout style;display:grid;grid-area:9 / 17"><div>8<!-- -->-<!-- -->16</div></div><div style="contain:layout style;display:grid;grid-area:9 / 18"><div>8<!-- -->-<!-- -->17</div></div><div style="contain:layout style;display:grid;grid-area:9 / 19"><div>8<!-- -->-<!-- -->18</div></div><div style="contain:layout style;display:grid;grid-area:9 / 20"><div>8<!-- -->-<!-- -->19</div></div><div style="contain:layout style;display:grid;grid-area:10 / 1"><div>9<!-- -->-<!-- -->0</div></div><div style="contain:layout style;display:grid;grid-area:10 / 2"><div>9<!-- -->-<!-- -->1</div></div><div style="contain:layout style;display:grid;grid-area:10 / 3"><div>9<!-- -->-<!-- -->2</div></div><div style="contain:layout style;display:grid;grid-area:10 / 4"><div>9<!-- -->-<!-- -->3</div></div><div style="contain:layout style;display:grid;grid-area:10 / 5"><div>9<!-- -->-<!-- -->4</div></div><div style="contain:layout style;display:grid;grid-area:10 / 6"><div>9<!-- -->-<!-- -->5</div></div><div style="contain:layout style;display:grid;grid-area:10 / 7"><div>9<!-- -->-<!-- -->6</div></div><div style="contain:layout style;display:grid;grid-area:10 / 8"><div>9<!-- -->-<!-- -->7</div></div><div style="contain:layout style;display:grid;grid-area:10 / 9"><div>9<!-- -->-<!-- -->8</div></div><div style="contain:layout style;display:grid;grid-area:10 / 10"><div>9<!-- -->-<!-- -->9</div></div><div style="contain:layout style;display:grid;grid-area:10 / 11"><div>9<!-- -->-<!-- -->10</div></div><div style="contain:layout style;display:grid;grid-area:10 / 12"><div>9<!-- -->-<!-- -->11</div></div><div style="contain:layout style;display:grid;grid-area:10 / 13"><div>9<!-- -->-<!-- -->12</div></div><div style="contain:layout style;display:grid;grid-area:10 / 14"><div>9<!-- -->-<!-- -->13</div></div><div style="contain:layout style;display:grid;grid-area:10 / 15"><div>9<!-- -->-<!-- -->14</div></div><div style="contain:layout style;display:grid;grid-area:10 / 16"><div>9<!-- -->-<!-- -->15</div></div><div style="contain:layout style;display:grid;grid-area:10 / 17"><div>9<!-- -->-<!-- -->16</div></div><div style="contain:layout style;display:grid;grid-area:10 / 18"><div>9<!-- -->-<!-- -->17</div></div><div style="contain:layout style;display:grid;grid-area:10 / 19"><div>9<!-- -->-<!-- -->18</div></div><div style="contain:layout style;display:grid;grid-area:10 / 20"><div>9<!-- -->-<!-- -->19</div></div></div></div>"`;

exports[`SSR > should render nothing 1`] = `"<div id="list-id" style="overflow:auto;contain:strict;width:100%;height:100%"><div style="contain:size paint style;overflow-anchor:none;flex:none;display:grid;grid-template:repeat(1000,40px) / repeat(5000,40px);width:200000px;height:40000px"></div></div>"`;
