// Vitest Snapshot v1, https://vitest.dev/guide/snapshot.html

exports[`horizontal > should render 1 children 1`] = `
<DocumentFragment>
  <div
    style="display: inline-block; overflow-x: auto; contain: strict; width: 100%; height: 100%;"
  >
    <div
      style="overflow-anchor: none; flex: 0 0 auto; position: relative; visibility: hidden; width: 100px; height: 100%;"
    >
      <div
        style="position: absolute; height: 100%; top: 0px; left: 0px; visibility: visible; display: flex;"
      >
        <div>
          0
        </div>
      </div>
    </div>
  </div>
</DocumentFragment>
`;

exports[`horizontal > should render 5 children 1`] = `
<DocumentFragment>
  <div
    style="display: inline-block; overflow-x: auto; contain: strict; width: 100%; height: 100%;"
  >
    <div
      style="overflow-anchor: none; flex: 0 0 auto; position: relative; visibility: hidden; width: 500px; height: 100%;"
    >
      <div
        style="position: absolute; height: 100%; top: 0px; left: 0px; visibility: visible; display: flex;"
      >
        <div>
          0
        </div>
      </div>
      <div
        style="position: absolute; height: 100%; top: 0px; left: 100px; visibility: visible; display: flex;"
      >
        <div>
          1
        </div>
      </div>
      <div
        style="position: absolute; height: 100%; top: 0px; left: 200px; visibility: visible; display: flex;"
      >
        <div>
          2
        </div>
      </div>
      <div
        style="position: absolute; height: 100%; top: 0px; left: 300px; visibility: visible; display: flex;"
      >
        <div>
          3
        </div>
      </div>
      <div
        style="position: absolute; height: 100%; top: 0px; left: 400px; visibility: visible; display: flex;"
      >
        <div>
          4
        </div>
      </div>
    </div>
  </div>
</DocumentFragment>
`;

exports[`horizontal > should render 100 children 1`] = `
<DocumentFragment>
  <div
    style="display: inline-block; overflow-x: auto; contain: strict; width: 100%; height: 100%;"
  >
    <div
      style="overflow-anchor: none; flex: 0 0 auto; position: relative; visibility: hidden; width: 10000px; height: 100%;"
    >
      <div
        style="position: absolute; height: 100%; top: 0px; left: 0px; visibility: visible; display: flex;"
      >
        <div>
          0
        </div>
      </div>
      <div
        style="position: absolute; height: 100%; top: 0px; left: 100px; visibility: visible; display: flex;"
      >
        <div>
          1
        </div>
      </div>
      <div
        style="position: absolute; height: 100%; top: 0px; left: 200px; visibility: visible; display: flex;"
      >
        <div>
          2
        </div>
      </div>
      <div
        style="position: absolute; height: 100%; top: 0px; left: 300px; visibility: visible; display: flex;"
      >
        <div>
          3
        </div>
      </div>
      <div
        style="position: absolute; height: 100%; top: 0px; left: 400px; visibility: visible; display: flex;"
      >
        <div>
          4
        </div>
      </div>
      <div
        style="position: absolute; height: 100%; top: 0px; left: 500px; visibility: visible; display: flex;"
      >
        <div>
          5
        </div>
      </div>
    </div>
  </div>
</DocumentFragment>
`;

exports[`horizontal > should render 1000 children 1`] = `
<DocumentFragment>
  <div
    style="display: inline-block; overflow-x: auto; contain: strict; width: 100%; height: 100%;"
  >
    <div
      style="overflow-anchor: none; flex: 0 0 auto; position: relative; visibility: hidden; width: 100000px; height: 100%;"
    >
      <div
        style="position: absolute; height: 100%; top: 0px; left: 0px; visibility: visible; display: flex;"
      >
        <div>
          0
        </div>
      </div>
      <div
        style="position: absolute; height: 100%; top: 0px; left: 100px; visibility: visible; display: flex;"
      >
        <div>
          1
        </div>
      </div>
      <div
        style="position: absolute; height: 100%; top: 0px; left: 200px; visibility: visible; display: flex;"
      >
        <div>
          2
        </div>
      </div>
      <div
        style="position: absolute; height: 100%; top: 0px; left: 300px; visibility: visible; display: flex;"
      >
        <div>
          3
        </div>
      </div>
      <div
        style="position: absolute; height: 100%; top: 0px; left: 400px; visibility: visible; display: flex;"
      >
        <div>
          4
        </div>
      </div>
      <div
        style="position: absolute; height: 100%; top: 0px; left: 500px; visibility: visible; display: flex;"
      >
        <div>
          5
        </div>
      </div>
    </div>
  </div>
</DocumentFragment>
`;

exports[`horizontal > should render 10000 children 1`] = `
<DocumentFragment>
  <div
    style="display: inline-block; overflow-x: auto; contain: strict; width: 100%; height: 100%;"
  >
    <div
      style="overflow-anchor: none; flex: 0 0 auto; position: relative; visibility: hidden; width: 1000000px; height: 100%;"
    >
      <div
        style="position: absolute; height: 100%; top: 0px; left: 0px; visibility: visible; display: flex;"
      >
        <div>
          0
        </div>
      </div>
      <div
        style="position: absolute; height: 100%; top: 0px; left: 100px; visibility: visible; display: flex;"
      >
        <div>
          1
        </div>
      </div>
      <div
        style="position: absolute; height: 100%; top: 0px; left: 200px; visibility: visible; display: flex;"
      >
        <div>
          2
        </div>
      </div>
      <div
        style="position: absolute; height: 100%; top: 0px; left: 300px; visibility: visible; display: flex;"
      >
        <div>
          3
        </div>
      </div>
      <div
        style="position: absolute; height: 100%; top: 0px; left: 400px; visibility: visible; display: flex;"
      >
        <div>
          4
        </div>
      </div>
      <div
        style="position: absolute; height: 100%; top: 0px; left: 500px; visibility: visible; display: flex;"
      >
        <div>
          5
        </div>
      </div>
    </div>
  </div>
</DocumentFragment>
`;

exports[`horizontal > should render component 1`] = `
<DocumentFragment>
  <div
    style="display: inline-block; overflow-x: auto; contain: strict; width: 100%; height: 100%;"
  >
    <div
      style="overflow-anchor: none; flex: 0 0 auto; position: relative; visibility: hidden; width: 300px; height: 100%;"
    >
      <div
        style="position: absolute; height: 100%; top: 0px; left: 0px; visibility: visible; display: flex;"
      >
        <div>
          component
        </div>
      </div>
      <div
        style="position: absolute; height: 100%; top: 0px; left: 100px; visibility: visible; display: flex;"
      >
        <div>
          component
        </div>
      </div>
      <div
        style="position: absolute; height: 100%; top: 0px; left: 200px; visibility: visible; display: flex;"
      >
        <div>
          component
        </div>
      </div>
    </div>
  </div>
</DocumentFragment>
`;

exports[`horizontal > should render fragments 1`] = `
<DocumentFragment>
  <div
    style="display: inline-block; overflow-x: auto; contain: strict; width: 100%; height: 100%;"
  >
    <div
      style="overflow-anchor: none; flex: 0 0 auto; position: relative; visibility: hidden; width: 200px; height: 100%;"
    >
      <div
        style="position: absolute; height: 100%; top: 0px; left: 0px; visibility: visible; display: flex;"
      >
        <div>
          fragment
        </div>
        <div>
          fragment
        </div>
        <div>
          fragment
        </div>
      </div>
      <div
        style="position: absolute; height: 100%; top: 0px; left: 100px; visibility: visible; display: flex;"
      >
        <div>
          fragment
        </div>
      </div>
    </div>
  </div>
</DocumentFragment>
`;

exports[`horizontal > should render non elements 1`] = `
<DocumentFragment>
  <div
    style="display: inline-block; overflow-x: auto; contain: strict; width: 100%; height: 100%;"
  >
    <div
      style="overflow-anchor: none; flex: 0 0 auto; position: relative; visibility: hidden; width: 200px; height: 100%;"
    >
      <div
        style="position: absolute; height: 100%; top: 0px; left: 0px; visibility: visible; display: flex;"
      >
        string
      </div>
      <div
        style="position: absolute; height: 100%; top: 0px; left: 100px; visibility: visible; display: flex;"
      >
        123
      </div>
    </div>
  </div>
</DocumentFragment>
`;

exports[`horizontal > should render with given width / height 1`] = `
<DocumentFragment>
  <div
    style="display: inline-block; overflow-x: auto; contain: strict; width: 100px; height: 800px;"
  >
    <div
      style="overflow-anchor: none; flex: 0 0 auto; position: relative; visibility: hidden; width: 500px; height: 100%;"
    >
      <div
        style="position: absolute; height: 100%; top: 0px; left: 0px; visibility: visible; display: flex;"
      >
        <div>
          0
        </div>
      </div>
      <div
        style="position: absolute; height: 100%; top: 0px; left: 100px; visibility: visible; display: flex;"
      >
        <div>
          1
        </div>
      </div>
      <div
        style="position: absolute; height: 100%; top: 0px; left: 200px; visibility: visible; display: flex;"
      >
        <div>
          2
        </div>
      </div>
      <div
        style="position: absolute; height: 100%; top: 0px; left: 300px; visibility: visible; display: flex;"
      >
        <div>
          3
        </div>
      </div>
      <div
        style="position: absolute; height: 100%; top: 0px; left: 400px; visibility: visible; display: flex;"
      >
        <div>
          4
        </div>
      </div>
    </div>
  </div>
</DocumentFragment>
`;

exports[`reverse > should render many items 1`] = `
<DocumentFragment>
  <div
    style="display: block; overflow-y: auto; contain: strict; width: 100%; height: 100%;"
  >
    <div
      style="visibility: hidden; display: flex; flex-direction: column; justify-content: flex-end; min-height: 100%;"
    >
      <div
        style="overflow-anchor: none; flex: 0 0 auto; position: relative; visibility: hidden; width: 100%; height: 4000px;"
      >
        <div
          style="position: absolute; width: 100%; left: 0px; top: 0px; visibility: hidden;"
        >
          <div>
            0
          </div>
        </div>
        <div
          style="position: absolute; width: 100%; left: 0px; top: 40px; visibility: hidden;"
        >
          <div>
            1
          </div>
        </div>
        <div
          style="position: absolute; width: 100%; left: 0px; top: 80px; visibility: hidden;"
        >
          <div>
            2
          </div>
        </div>
        <div
          style="position: absolute; width: 100%; left: 0px; top: 120px; visibility: hidden;"
        >
          <div>
            3
          </div>
        </div>
        <div
          style="position: absolute; width: 100%; left: 0px; top: 160px; visibility: hidden;"
        >
          <div>
            4
          </div>
        </div>
      </div>
    </div>
  </div>
</DocumentFragment>
`;

exports[`should pass attributes to element 1`] = `
<DocumentFragment>
  <div
    aria-label="test"
    class="class"
    id="id"
    role="list"
    style="display: block; overflow-y: auto; contain: strict; width: 100%; height: 100%; background: red;"
    tabindex="0"
  >
    <div
      style="overflow-anchor: none; flex: 0 0 auto; position: relative; visibility: hidden; width: 100%; height: 50px;"
    >
      <div
        style="position: absolute; width: 100%; left: 0px; top: 0px; visibility: visible;"
      >
        <div>
          0
        </div>
      </div>
    </div>
  </div>
</DocumentFragment>
`;

exports[`should pass index to items 1`] = `
<DocumentFragment>
  <div
    style="display: block; overflow-y: auto; contain: strict; width: 100%; height: 100%;"
  >
    <div
      style="overflow-anchor: none; flex: 0 0 auto; position: relative; visibility: hidden; width: 100%; height: 250px;"
    >
      <div
        data-index="0"
        style="position: absolute; width: 100%; left: 0px; top: 0px; visibility: visible;"
      >
        <div>
          0
        </div>
      </div>
      <div
        data-index="1"
        style="position: absolute; width: 100%; left: 0px; top: 50px; visibility: visible;"
      >
        <div>
          1
        </div>
      </div>
      <div
        data-index="2"
        style="position: absolute; width: 100%; left: 0px; top: 100px; visibility: visible;"
      >
        <div>
          2
        </div>
      </div>
      <div
        data-index="3"
        style="position: absolute; width: 100%; left: 0px; top: 150px; visibility: visible;"
      >
        <div>
          3
        </div>
      </div>
      <div
        data-index="4"
        style="position: absolute; width: 100%; left: 0px; top: 200px; visibility: visible;"
      >
        <div>
          4
        </div>
      </div>
    </div>
  </div>
</DocumentFragment>
`;

exports[`should render with render prop 1`] = `
<DocumentFragment>
  <div
    style="display: block; overflow-y: auto; contain: strict; width: 100%; height: 100%;"
  >
    <div
      style="overflow-anchor: none; flex: 0 0 auto; position: relative; visibility: hidden; width: 100%; height: 50000px;"
    >
      <div
        style="position: absolute; width: 100%; left: 0px; top: 0px; visibility: visible;"
      >
        <div>
          This is 0
        </div>
      </div>
      <div
        style="position: absolute; width: 100%; left: 0px; top: 50px; visibility: visible;"
      >
        <div>
          This is 1
        </div>
      </div>
      <div
        style="position: absolute; width: 100%; left: 0px; top: 100px; visibility: visible;"
      >
        <div>
          This is 2
        </div>
      </div>
      <div
        style="position: absolute; width: 100%; left: 0px; top: 150px; visibility: visible;"
      >
        <div>
          This is 3
        </div>
      </div>
      <div
        style="position: absolute; width: 100%; left: 0px; top: 200px; visibility: visible;"
      >
        <div>
          This is 4
        </div>
      </div>
      <div
        style="position: absolute; width: 100%; left: 0px; top: 250px; visibility: visible;"
      >
        <div>
          This is 5
        </div>
      </div>
    </div>
  </div>
</DocumentFragment>
`;

exports[`vertical > should render 0 children 1`] = `
<DocumentFragment>
  <div
    style="display: block; overflow-y: auto; contain: strict; width: 100%; height: 100%;"
  >
    <div
      style="overflow-anchor: none; flex: 0 0 auto; position: relative; visibility: hidden; width: 100%; height: 0px;"
    />
  </div>
</DocumentFragment>
`;

exports[`vertical > should render 1 children 1`] = `
<DocumentFragment>
  <div
    style="display: block; overflow-y: auto; contain: strict; width: 100%; height: 100%;"
  >
    <div
      style="overflow-anchor: none; flex: 0 0 auto; position: relative; visibility: hidden; width: 100%; height: 50px;"
    >
      <div
        style="position: absolute; width: 100%; left: 0px; top: 0px; visibility: visible;"
      >
        <div>
          0
        </div>
      </div>
    </div>
  </div>
</DocumentFragment>
`;

exports[`vertical > should render 5 children 1`] = `
<DocumentFragment>
  <div
    style="display: block; overflow-y: auto; contain: strict; width: 100%; height: 100%;"
  >
    <div
      style="overflow-anchor: none; flex: 0 0 auto; position: relative; visibility: hidden; width: 100%; height: 250px;"
    >
      <div
        style="position: absolute; width: 100%; left: 0px; top: 0px; visibility: visible;"
      >
        <div>
          0
        </div>
      </div>
      <div
        style="position: absolute; width: 100%; left: 0px; top: 50px; visibility: visible;"
      >
        <div>
          1
        </div>
      </div>
      <div
        style="position: absolute; width: 100%; left: 0px; top: 100px; visibility: visible;"
      >
        <div>
          2
        </div>
      </div>
      <div
        style="position: absolute; width: 100%; left: 0px; top: 150px; visibility: visible;"
      >
        <div>
          3
        </div>
      </div>
      <div
        style="position: absolute; width: 100%; left: 0px; top: 200px; visibility: visible;"
      >
        <div>
          4
        </div>
      </div>
    </div>
  </div>
</DocumentFragment>
`;

exports[`vertical > should render 100 children 1`] = `
<DocumentFragment>
  <div
    style="display: block; overflow-y: auto; contain: strict; width: 100%; height: 100%;"
  >
    <div
      style="overflow-anchor: none; flex: 0 0 auto; position: relative; visibility: hidden; width: 100%; height: 5000px;"
    >
      <div
        style="position: absolute; width: 100%; left: 0px; top: 0px; visibility: visible;"
      >
        <div>
          0
        </div>
      </div>
      <div
        style="position: absolute; width: 100%; left: 0px; top: 50px; visibility: visible;"
      >
        <div>
          1
        </div>
      </div>
      <div
        style="position: absolute; width: 100%; left: 0px; top: 100px; visibility: visible;"
      >
        <div>
          2
        </div>
      </div>
      <div
        style="position: absolute; width: 100%; left: 0px; top: 150px; visibility: visible;"
      >
        <div>
          3
        </div>
      </div>
      <div
        style="position: absolute; width: 100%; left: 0px; top: 200px; visibility: visible;"
      >
        <div>
          4
        </div>
      </div>
      <div
        style="position: absolute; width: 100%; left: 0px; top: 250px; visibility: visible;"
      >
        <div>
          5
        </div>
      </div>
    </div>
  </div>
</DocumentFragment>
`;

exports[`vertical > should render 1000 children 1`] = `
<DocumentFragment>
  <div
    style="display: block; overflow-y: auto; contain: strict; width: 100%; height: 100%;"
  >
    <div
      style="overflow-anchor: none; flex: 0 0 auto; position: relative; visibility: hidden; width: 100%; height: 50000px;"
    >
      <div
        style="position: absolute; width: 100%; left: 0px; top: 0px; visibility: visible;"
      >
        <div>
          0
        </div>
      </div>
      <div
        style="position: absolute; width: 100%; left: 0px; top: 50px; visibility: visible;"
      >
        <div>
          1
        </div>
      </div>
      <div
        style="position: absolute; width: 100%; left: 0px; top: 100px; visibility: visible;"
      >
        <div>
          2
        </div>
      </div>
      <div
        style="position: absolute; width: 100%; left: 0px; top: 150px; visibility: visible;"
      >
        <div>
          3
        </div>
      </div>
      <div
        style="position: absolute; width: 100%; left: 0px; top: 200px; visibility: visible;"
      >
        <div>
          4
        </div>
      </div>
      <div
        style="position: absolute; width: 100%; left: 0px; top: 250px; visibility: visible;"
      >
        <div>
          5
        </div>
      </div>
    </div>
  </div>
</DocumentFragment>
`;

exports[`vertical > should render 10000 children 1`] = `
<DocumentFragment>
  <div
    style="display: block; overflow-y: auto; contain: strict; width: 100%; height: 100%;"
  >
    <div
      style="overflow-anchor: none; flex: 0 0 auto; position: relative; visibility: hidden; width: 100%; height: 500000px;"
    >
      <div
        style="position: absolute; width: 100%; left: 0px; top: 0px; visibility: visible;"
      >
        <div>
          0
        </div>
      </div>
      <div
        style="position: absolute; width: 100%; left: 0px; top: 50px; visibility: visible;"
      >
        <div>
          1
        </div>
      </div>
      <div
        style="position: absolute; width: 100%; left: 0px; top: 100px; visibility: visible;"
      >
        <div>
          2
        </div>
      </div>
      <div
        style="position: absolute; width: 100%; left: 0px; top: 150px; visibility: visible;"
      >
        <div>
          3
        </div>
      </div>
      <div
        style="position: absolute; width: 100%; left: 0px; top: 200px; visibility: visible;"
      >
        <div>
          4
        </div>
      </div>
      <div
        style="position: absolute; width: 100%; left: 0px; top: 250px; visibility: visible;"
      >
        <div>
          5
        </div>
      </div>
    </div>
  </div>
</DocumentFragment>
`;

exports[`vertical > should render component 1`] = `
<DocumentFragment>
  <div
    style="display: block; overflow-y: auto; contain: strict; width: 100%; height: 100%;"
  >
    <div
      style="overflow-anchor: none; flex: 0 0 auto; position: relative; visibility: hidden; width: 100%; height: 150px;"
    >
      <div
        style="position: absolute; width: 100%; left: 0px; top: 0px; visibility: visible;"
      >
        <div>
          component
        </div>
      </div>
      <div
        style="position: absolute; width: 100%; left: 0px; top: 50px; visibility: visible;"
      >
        <div>
          component
        </div>
      </div>
      <div
        style="position: absolute; width: 100%; left: 0px; top: 100px; visibility: visible;"
      >
        <div>
          component
        </div>
      </div>
    </div>
  </div>
</DocumentFragment>
`;

exports[`vertical > should render fragments 1`] = `
<DocumentFragment>
  <div
    style="display: block; overflow-y: auto; contain: strict; width: 100%; height: 100%;"
  >
    <div
      style="overflow-anchor: none; flex: 0 0 auto; position: relative; visibility: hidden; width: 100%; height: 100px;"
    >
      <div
        style="position: absolute; width: 100%; left: 0px; top: 0px; visibility: visible;"
      >
        <div>
          fragment
        </div>
        <div>
          fragment
        </div>
        <div>
          fragment
        </div>
      </div>
      <div
        style="position: absolute; width: 100%; left: 0px; top: 50px; visibility: visible;"
      >
        <div>
          fragment
        </div>
      </div>
    </div>
  </div>
</DocumentFragment>
`;

exports[`vertical > should render non elements 1`] = `
<DocumentFragment>
  <div
    style="display: block; overflow-y: auto; contain: strict; width: 100%; height: 100%;"
  >
    <div
      style="overflow-anchor: none; flex: 0 0 auto; position: relative; visibility: hidden; width: 100%; height: 100px;"
    >
      <div
        style="position: absolute; width: 100%; left: 0px; top: 0px; visibility: visible;"
      >
        string
      </div>
      <div
        style="position: absolute; width: 100%; left: 0px; top: 50px; visibility: visible;"
      >
        123
      </div>
    </div>
  </div>
</DocumentFragment>
`;

exports[`vertical > should render with given width / height 1`] = `
<DocumentFragment>
  <div
    style="display: block; overflow-y: auto; contain: strict; width: 100px; height: 800px;"
  >
    <div
      style="overflow-anchor: none; flex: 0 0 auto; position: relative; visibility: hidden; width: 100%; height: 250px;"
    >
      <div
        style="position: absolute; width: 100%; left: 0px; top: 0px; visibility: visible;"
      >
        <div>
          0
        </div>
      </div>
      <div
        style="position: absolute; width: 100%; left: 0px; top: 50px; visibility: visible;"
      >
        <div>
          1
        </div>
      </div>
      <div
        style="position: absolute; width: 100%; left: 0px; top: 100px; visibility: visible;"
      >
        <div>
          2
        </div>
      </div>
      <div
        style="position: absolute; width: 100%; left: 0px; top: 150px; visibility: visible;"
      >
        <div>
          3
        </div>
      </div>
      <div
        style="position: absolute; width: 100%; left: 0px; top: 200px; visibility: visible;"
      >
        <div>
          4
        </div>
      </div>
    </div>
  </div>
</DocumentFragment>
`;
