// Vitest Snapshot v1, https://vitest.dev/guide/snapshot.html

exports[`SSR > should render items with renderToStaticMarkup and horizontal 1`] = `"<div id="list-id"><div style="flex:none;position:relative;visibility:hidden;width:40000px;height:100%"><div style="height:100%;top:0;left:0;visibility:visible;display:flex"><div>0</div></div><div style="height:100%;top:0;left:40px;visibility:visible;display:flex"><div>1</div></div><div style="height:100%;top:0;left:80px;visibility:visible;display:flex"><div>2</div></div><div style="height:100%;top:0;left:120px;visibility:visible;display:flex"><div>3</div></div><div style="height:100%;top:0;left:160px;visibility:visible;display:flex"><div>4</div></div><div style="height:100%;top:0;left:200px;visibility:visible;display:flex"><div>5</div></div><div style="height:100%;top:0;left:240px;visibility:visible;display:flex"><div>6</div></div><div style="height:100%;top:0;left:280px;visibility:visible;display:flex"><div>7</div></div><div style="height:100%;top:0;left:320px;visibility:visible;display:flex"><div>8</div></div><div style="height:100%;top:0;left:360px;visibility:visible;display:flex"><div>9</div></div><div style="height:100%;top:0;left:400px;visibility:visible;display:flex"><div>10</div></div><div style="height:100%;top:0;left:440px;visibility:visible;display:flex"><div>11</div></div><div style="height:100%;top:0;left:480px;visibility:visible;display:flex"><div>12</div></div><div style="height:100%;top:0;left:520px;visibility:visible;display:flex"><div>13</div></div></div></div>"`;

exports[`SSR > should render items with renderToStaticMarkup and vertical 1`] = `"<div id="list-id"><div style="flex:none;position:relative;visibility:hidden;width:100%;height:40000px"><div style="width:100%;left:0;top:0;visibility:visible"><div>0</div></div><div style="width:100%;left:0;top:40px;visibility:visible"><div>1</div></div><div style="width:100%;left:0;top:80px;visibility:visible"><div>2</div></div><div style="width:100%;left:0;top:120px;visibility:visible"><div>3</div></div><div style="width:100%;left:0;top:160px;visibility:visible"><div>4</div></div><div style="width:100%;left:0;top:200px;visibility:visible"><div>5</div></div><div style="width:100%;left:0;top:240px;visibility:visible"><div>6</div></div><div style="width:100%;left:0;top:280px;visibility:visible"><div>7</div></div><div style="width:100%;left:0;top:320px;visibility:visible"><div>8</div></div><div style="width:100%;left:0;top:360px;visibility:visible"><div>9</div></div><div style="width:100%;left:0;top:400px;visibility:visible"><div>10</div></div><div style="width:100%;left:0;top:440px;visibility:visible"><div>11</div></div><div style="width:100%;left:0;top:480px;visibility:visible"><div>12</div></div><div style="width:100%;left:0;top:520px;visibility:visible"><div>13</div></div></div></div>"`;

exports[`SSR > should render items with renderToString and horizontal 1`] = `"<div id="list-id"><div style="flex:none;position:relative;visibility:hidden;width:40000px;height:100%"><div style="height:100%;top:0;left:0;visibility:visible;display:flex"><div>0</div></div><div style="height:100%;top:0;left:40px;visibility:visible;display:flex"><div>1</div></div><div style="height:100%;top:0;left:80px;visibility:visible;display:flex"><div>2</div></div><div style="height:100%;top:0;left:120px;visibility:visible;display:flex"><div>3</div></div><div style="height:100%;top:0;left:160px;visibility:visible;display:flex"><div>4</div></div><div style="height:100%;top:0;left:200px;visibility:visible;display:flex"><div>5</div></div><div style="height:100%;top:0;left:240px;visibility:visible;display:flex"><div>6</div></div><div style="height:100%;top:0;left:280px;visibility:visible;display:flex"><div>7</div></div><div style="height:100%;top:0;left:320px;visibility:visible;display:flex"><div>8</div></div><div style="height:100%;top:0;left:360px;visibility:visible;display:flex"><div>9</div></div><div style="height:100%;top:0;left:400px;visibility:visible;display:flex"><div>10</div></div><div style="height:100%;top:0;left:440px;visibility:visible;display:flex"><div>11</div></div><div style="height:100%;top:0;left:480px;visibility:visible;display:flex"><div>12</div></div><div style="height:100%;top:0;left:520px;visibility:visible;display:flex"><div>13</div></div></div></div>"`;

exports[`SSR > should render items with renderToString and vertical 1`] = `"<div id="list-id"><div style="flex:none;position:relative;visibility:hidden;width:100%;height:40000px"><div style="width:100%;left:0;top:0;visibility:visible"><div>0</div></div><div style="width:100%;left:0;top:40px;visibility:visible"><div>1</div></div><div style="width:100%;left:0;top:80px;visibility:visible"><div>2</div></div><div style="width:100%;left:0;top:120px;visibility:visible"><div>3</div></div><div style="width:100%;left:0;top:160px;visibility:visible"><div>4</div></div><div style="width:100%;left:0;top:200px;visibility:visible"><div>5</div></div><div style="width:100%;left:0;top:240px;visibility:visible"><div>6</div></div><div style="width:100%;left:0;top:280px;visibility:visible"><div>7</div></div><div style="width:100%;left:0;top:320px;visibility:visible"><div>8</div></div><div style="width:100%;left:0;top:360px;visibility:visible"><div>9</div></div><div style="width:100%;left:0;top:400px;visibility:visible"><div>10</div></div><div style="width:100%;left:0;top:440px;visibility:visible"><div>11</div></div><div style="width:100%;left:0;top:480px;visibility:visible"><div>12</div></div><div style="width:100%;left:0;top:520px;visibility:visible"><div>13</div></div></div></div>"`;
