// Vitest Snapshot v1, https://vitest.dev/guide/snapshot.html

exports[`rtl > should not work in vertical 1`] = `
<DocumentFragment>
  <div
    style="flex: 0 0 auto; position: relative; visibility: hidden; width: 100%; height: 5000px;"
  >
    <div
      style="position: absolute; width: 100%; left: 0px; top: 0px; visibility: visible;"
    >
      <div>
        0
      </div>
    </div>
    <div
      style="position: absolute; width: 100%; left: 0px; top: 50px; visibility: visible;"
    >
      <div>
        1
      </div>
    </div>
    <div
      style="position: absolute; width: 100%; left: 0px; top: 100px; visibility: visible;"
    >
      <div>
        2
      </div>
    </div>
    <div
      style="position: absolute; width: 100%; left: 0px; top: 150px; visibility: visible;"
    >
      <div>
        3
      </div>
    </div>
    <div
      style="position: absolute; width: 100%; left: 0px; top: 200px; visibility: visible;"
    >
      <div>
        4
      </div>
    </div>
    <div
      style="position: absolute; width: 100%; left: 0px; top: 250px; visibility: visible;"
    >
      <div>
        5
      </div>
    </div>
    <div
      style="position: absolute; width: 100%; left: 0px; top: 300px; visibility: visible;"
    >
      <div>
        6
      </div>
    </div>
    <div
      style="position: absolute; width: 100%; left: 0px; top: 350px; visibility: visible;"
    >
      <div>
        7
      </div>
    </div>
    <div
      style="position: absolute; width: 100%; left: 0px; top: 400px; visibility: visible;"
    >
      <div>
        8
      </div>
    </div>
    <div
      style="position: absolute; width: 100%; left: 0px; top: 450px; visibility: visible;"
    >
      <div>
        9
      </div>
    </div>
    <div
      style="position: absolute; width: 100%; left: 0px; top: 500px; visibility: visible;"
    >
      <div>
        10
      </div>
    </div>
    <div
      style="position: absolute; width: 100%; left: 0px; top: 550px; visibility: visible;"
    >
      <div>
        11
      </div>
    </div>
    <div
      style="position: absolute; width: 100%; left: 0px; top: 600px; visibility: visible;"
    >
      <div>
        12
      </div>
    </div>
    <div
      style="position: absolute; width: 100%; left: 0px; top: 650px; visibility: visible;"
    >
      <div>
        13
      </div>
    </div>
    <div
      style="position: absolute; width: 100%; left: 0px; top: 700px; visibility: visible;"
    >
      <div>
        14
      </div>
    </div>
    <div
      style="position: absolute; width: 100%; left: 0px; top: 750px; visibility: visible;"
    >
      <div>
        15
      </div>
    </div>
    <div
      style="position: absolute; width: 100%; left: 0px; top: 800px; visibility: visible;"
    >
      <div>
        16
      </div>
    </div>
    <div
      style="position: absolute; width: 100%; left: 0px; top: 850px; visibility: visible;"
    >
      <div>
        17
      </div>
    </div>
    <div
      style="position: absolute; width: 100%; left: 0px; top: 900px; visibility: visible;"
    >
      <div>
        18
      </div>
    </div>
    <div
      style="position: absolute; width: 100%; left: 0px; top: 950px; visibility: visible;"
    >
      <div>
        19
      </div>
    </div>
  </div>
</DocumentFragment>
`;

exports[`rtl > should work in horizontal 1`] = `
<DocumentFragment>
  <div
    style="flex: 0 0 auto; position: relative; visibility: hidden; width: 10000px; height: 100%;"
  >
    <div
      style="position: absolute; height: 100%; top: 0px; right: 0px; visibility: visible; display: flex;"
    >
      <div>
        0
      </div>
    </div>
    <div
      style="position: absolute; height: 100%; top: 0px; right: 100px; visibility: visible; display: flex;"
    >
      <div>
        1
      </div>
    </div>
    <div
      style="position: absolute; height: 100%; top: 0px; right: 200px; visibility: visible; display: flex;"
    >
      <div>
        2
      </div>
    </div>
    <div
      style="position: absolute; height: 100%; top: 0px; right: 300px; visibility: visible; display: flex;"
    >
      <div>
        3
      </div>
    </div>
    <div
      style="position: absolute; height: 100%; top: 0px; right: 400px; visibility: visible; display: flex;"
    >
      <div>
        4
      </div>
    </div>
    <div
      style="position: absolute; height: 100%; top: 0px; right: 500px; visibility: visible; display: flex;"
    >
      <div>
        5
      </div>
    </div>
    <div
      style="position: absolute; height: 100%; top: 0px; right: 600px; visibility: visible; display: flex;"
    >
      <div>
        6
      </div>
    </div>
    <div
      style="position: absolute; height: 100%; top: 0px; right: 700px; visibility: visible; display: flex;"
    >
      <div>
        7
      </div>
    </div>
    <div
      style="position: absolute; height: 100%; top: 0px; right: 800px; visibility: visible; display: flex;"
    >
      <div>
        8
      </div>
    </div>
    <div
      style="position: absolute; height: 100%; top: 0px; right: 900px; visibility: visible; display: flex;"
    >
      <div>
        9
      </div>
    </div>
    <div
      style="position: absolute; height: 100%; top: 0px; right: 1000px; visibility: visible; display: flex;"
    >
      <div>
        10
      </div>
    </div>
    <div
      style="position: absolute; height: 100%; top: 0px; right: 1100px; visibility: visible; display: flex;"
    >
      <div>
        11
      </div>
    </div>
    <div
      style="position: absolute; height: 100%; top: 0px; right: 1200px; visibility: visible; display: flex;"
    >
      <div>
        12
      </div>
    </div>
    <div
      style="position: absolute; height: 100%; top: 0px; right: 1300px; visibility: visible; display: flex;"
    >
      <div>
        13
      </div>
    </div>
    <div
      style="position: absolute; height: 100%; top: 0px; right: 1400px; visibility: visible; display: flex;"
    >
      <div>
        14
      </div>
    </div>
  </div>
</DocumentFragment>
`;
