// Jest Snapshot v1, https://goo.gl/fbAQLP

exports[`horizontal should render 1 children 1`] = `
<DocumentFragment>
  <div
    style="display: inline-block; width: auto; height: 100%;"
  >
    <div
      style="position: relative; visibility: hidden; width: 1024px; height: 100%; pointer-events: auto;"
    >
      <div
        style="margin: 0px; padding: 0px; position: absolute; height: 100%; top: 0px; left: 0px; visibility: visible; display: flex;"
      >
        <div>
          0
        </div>
      </div>
    </div>
  </div>
</DocumentFragment>
`;

exports[`horizontal should render 5 children 1`] = `
<DocumentFragment>
  <div
    style="display: inline-block; width: auto; height: 100%;"
  >
    <div
      style="position: relative; visibility: hidden; width: 1024px; height: 100%; pointer-events: auto;"
    >
      <div
        style="margin: 0px; padding: 0px; position: absolute; height: 100%; top: 0px; left: 0px; visibility: visible; display: flex;"
      >
        <div>
          0
        </div>
      </div>
      <div
        style="margin: 0px; padding: 0px; position: absolute; height: 100%; top: 0px; left: 100px; visibility: visible; display: flex;"
      >
        <div>
          1
        </div>
      </div>
      <div
        style="margin: 0px; padding: 0px; position: absolute; height: 100%; top: 0px; left: 200px; visibility: visible; display: flex;"
      >
        <div>
          2
        </div>
      </div>
      <div
        style="margin: 0px; padding: 0px; position: absolute; height: 100%; top: 0px; left: 300px; visibility: visible; display: flex;"
      >
        <div>
          3
        </div>
      </div>
      <div
        style="margin: 0px; padding: 0px; position: absolute; height: 100%; top: 0px; left: 400px; visibility: visible; display: flex;"
      >
        <div>
          4
        </div>
      </div>
    </div>
  </div>
</DocumentFragment>
`;

exports[`horizontal should render 100 children 1`] = `
<DocumentFragment>
  <div
    style="display: inline-block; width: auto; height: 100%;"
  >
    <div
      style="position: relative; visibility: hidden; width: 10000px; height: 100%; pointer-events: auto;"
    >
      <div
        style="margin: 0px; padding: 0px; position: absolute; height: 100%; top: 0px; left: 0px; visibility: visible; display: flex;"
      >
        <div>
          0
        </div>
      </div>
      <div
        style="margin: 0px; padding: 0px; position: absolute; height: 100%; top: 0px; left: 100px; visibility: visible; display: flex;"
      >
        <div>
          1
        </div>
      </div>
      <div
        style="margin: 0px; padding: 0px; position: absolute; height: 100%; top: 0px; left: 200px; visibility: visible; display: flex;"
      >
        <div>
          2
        </div>
      </div>
      <div
        style="margin: 0px; padding: 0px; position: absolute; height: 100%; top: 0px; left: 300px; visibility: visible; display: flex;"
      >
        <div>
          3
        </div>
      </div>
      <div
        style="margin: 0px; padding: 0px; position: absolute; height: 100%; top: 0px; left: 400px; visibility: visible; display: flex;"
      >
        <div>
          4
        </div>
      </div>
      <div
        style="margin: 0px; padding: 0px; position: absolute; height: 100%; top: 0px; left: 500px; visibility: visible; display: flex;"
      >
        <div>
          5
        </div>
      </div>
      <div
        style="margin: 0px; padding: 0px; position: absolute; height: 100%; top: 0px; left: 600px; visibility: visible; display: flex;"
      >
        <div>
          6
        </div>
      </div>
      <div
        style="margin: 0px; padding: 0px; position: absolute; height: 100%; top: 0px; left: 700px; visibility: visible; display: flex;"
      >
        <div>
          7
        </div>
      </div>
      <div
        style="margin: 0px; padding: 0px; position: absolute; height: 100%; top: 0px; left: 800px; visibility: visible; display: flex;"
      >
        <div>
          8
        </div>
      </div>
      <div
        style="margin: 0px; padding: 0px; position: absolute; height: 100%; top: 0px; left: 900px; visibility: visible; display: flex;"
      >
        <div>
          9
        </div>
      </div>
      <div
        style="margin: 0px; padding: 0px; position: absolute; height: 100%; top: 0px; left: 1000px; visibility: visible; display: flex;"
      >
        <div>
          10
        </div>
      </div>
      <div
        style="margin: 0px; padding: 0px; position: absolute; height: 100%; top: 0px; left: 1100px; visibility: visible; display: flex;"
      >
        <div>
          11
        </div>
      </div>
      <div
        style="margin: 0px; padding: 0px; position: absolute; height: 100%; top: 0px; left: 1200px; visibility: visible; display: flex;"
      >
        <div>
          12
        </div>
      </div>
      <div
        style="margin: 0px; padding: 0px; position: absolute; height: 100%; top: 0px; left: 1300px; visibility: visible; display: flex;"
      >
        <div>
          13
        </div>
      </div>
      <div
        style="margin: 0px; padding: 0px; position: absolute; height: 100%; top: 0px; left: 1400px; visibility: visible; display: flex;"
      >
        <div>
          14
        </div>
      </div>
    </div>
  </div>
</DocumentFragment>
`;

exports[`horizontal should render 1000 children 1`] = `
<DocumentFragment>
  <div
    style="display: inline-block; width: auto; height: 100%;"
  >
    <div
      style="position: relative; visibility: hidden; width: 100000px; height: 100%; pointer-events: auto;"
    >
      <div
        style="margin: 0px; padding: 0px; position: absolute; height: 100%; top: 0px; left: 0px; visibility: visible; display: flex;"
      >
        <div>
          0
        </div>
      </div>
      <div
        style="margin: 0px; padding: 0px; position: absolute; height: 100%; top: 0px; left: 100px; visibility: visible; display: flex;"
      >
        <div>
          1
        </div>
      </div>
      <div
        style="margin: 0px; padding: 0px; position: absolute; height: 100%; top: 0px; left: 200px; visibility: visible; display: flex;"
      >
        <div>
          2
        </div>
      </div>
      <div
        style="margin: 0px; padding: 0px; position: absolute; height: 100%; top: 0px; left: 300px; visibility: visible; display: flex;"
      >
        <div>
          3
        </div>
      </div>
      <div
        style="margin: 0px; padding: 0px; position: absolute; height: 100%; top: 0px; left: 400px; visibility: visible; display: flex;"
      >
        <div>
          4
        </div>
      </div>
      <div
        style="margin: 0px; padding: 0px; position: absolute; height: 100%; top: 0px; left: 500px; visibility: visible; display: flex;"
      >
        <div>
          5
        </div>
      </div>
      <div
        style="margin: 0px; padding: 0px; position: absolute; height: 100%; top: 0px; left: 600px; visibility: visible; display: flex;"
      >
        <div>
          6
        </div>
      </div>
      <div
        style="margin: 0px; padding: 0px; position: absolute; height: 100%; top: 0px; left: 700px; visibility: visible; display: flex;"
      >
        <div>
          7
        </div>
      </div>
      <div
        style="margin: 0px; padding: 0px; position: absolute; height: 100%; top: 0px; left: 800px; visibility: visible; display: flex;"
      >
        <div>
          8
        </div>
      </div>
      <div
        style="margin: 0px; padding: 0px; position: absolute; height: 100%; top: 0px; left: 900px; visibility: visible; display: flex;"
      >
        <div>
          9
        </div>
      </div>
      <div
        style="margin: 0px; padding: 0px; position: absolute; height: 100%; top: 0px; left: 1000px; visibility: visible; display: flex;"
      >
        <div>
          10
        </div>
      </div>
      <div
        style="margin: 0px; padding: 0px; position: absolute; height: 100%; top: 0px; left: 1100px; visibility: visible; display: flex;"
      >
        <div>
          11
        </div>
      </div>
      <div
        style="margin: 0px; padding: 0px; position: absolute; height: 100%; top: 0px; left: 1200px; visibility: visible; display: flex;"
      >
        <div>
          12
        </div>
      </div>
      <div
        style="margin: 0px; padding: 0px; position: absolute; height: 100%; top: 0px; left: 1300px; visibility: visible; display: flex;"
      >
        <div>
          13
        </div>
      </div>
      <div
        style="margin: 0px; padding: 0px; position: absolute; height: 100%; top: 0px; left: 1400px; visibility: visible; display: flex;"
      >
        <div>
          14
        </div>
      </div>
    </div>
  </div>
</DocumentFragment>
`;

exports[`horizontal should render 10000 children 1`] = `
<DocumentFragment>
  <div
    style="display: inline-block; width: auto; height: 100%;"
  >
    <div
      style="position: relative; visibility: hidden; width: 1000000px; height: 100%; pointer-events: auto;"
    >
      <div
        style="margin: 0px; padding: 0px; position: absolute; height: 100%; top: 0px; left: 0px; visibility: visible; display: flex;"
      >
        <div>
          0
        </div>
      </div>
      <div
        style="margin: 0px; padding: 0px; position: absolute; height: 100%; top: 0px; left: 100px; visibility: visible; display: flex;"
      >
        <div>
          1
        </div>
      </div>
      <div
        style="margin: 0px; padding: 0px; position: absolute; height: 100%; top: 0px; left: 200px; visibility: visible; display: flex;"
      >
        <div>
          2
        </div>
      </div>
      <div
        style="margin: 0px; padding: 0px; position: absolute; height: 100%; top: 0px; left: 300px; visibility: visible; display: flex;"
      >
        <div>
          3
        </div>
      </div>
      <div
        style="margin: 0px; padding: 0px; position: absolute; height: 100%; top: 0px; left: 400px; visibility: visible; display: flex;"
      >
        <div>
          4
        </div>
      </div>
      <div
        style="margin: 0px; padding: 0px; position: absolute; height: 100%; top: 0px; left: 500px; visibility: visible; display: flex;"
      >
        <div>
          5
        </div>
      </div>
      <div
        style="margin: 0px; padding: 0px; position: absolute; height: 100%; top: 0px; left: 600px; visibility: visible; display: flex;"
      >
        <div>
          6
        </div>
      </div>
      <div
        style="margin: 0px; padding: 0px; position: absolute; height: 100%; top: 0px; left: 700px; visibility: visible; display: flex;"
      >
        <div>
          7
        </div>
      </div>
      <div
        style="margin: 0px; padding: 0px; position: absolute; height: 100%; top: 0px; left: 800px; visibility: visible; display: flex;"
      >
        <div>
          8
        </div>
      </div>
      <div
        style="margin: 0px; padding: 0px; position: absolute; height: 100%; top: 0px; left: 900px; visibility: visible; display: flex;"
      >
        <div>
          9
        </div>
      </div>
      <div
        style="margin: 0px; padding: 0px; position: absolute; height: 100%; top: 0px; left: 1000px; visibility: visible; display: flex;"
      >
        <div>
          10
        </div>
      </div>
      <div
        style="margin: 0px; padding: 0px; position: absolute; height: 100%; top: 0px; left: 1100px; visibility: visible; display: flex;"
      >
        <div>
          11
        </div>
      </div>
      <div
        style="margin: 0px; padding: 0px; position: absolute; height: 100%; top: 0px; left: 1200px; visibility: visible; display: flex;"
      >
        <div>
          12
        </div>
      </div>
      <div
        style="margin: 0px; padding: 0px; position: absolute; height: 100%; top: 0px; left: 1300px; visibility: visible; display: flex;"
      >
        <div>
          13
        </div>
      </div>
      <div
        style="margin: 0px; padding: 0px; position: absolute; height: 100%; top: 0px; left: 1400px; visibility: visible; display: flex;"
      >
        <div>
          14
        </div>
      </div>
    </div>
  </div>
</DocumentFragment>
`;

exports[`horizontal should render component 1`] = `
<DocumentFragment>
  <div
    style="display: inline-block; width: auto; height: 100%;"
  >
    <div
      style="position: relative; visibility: hidden; width: 1024px; height: 100%; pointer-events: auto;"
    >
      <div
        style="margin: 0px; padding: 0px; position: absolute; height: 100%; top: 0px; left: 0px; visibility: visible; display: flex;"
      >
        <div>
          component
        </div>
      </div>
      <div
        style="margin: 0px; padding: 0px; position: absolute; height: 100%; top: 0px; left: 100px; visibility: visible; display: flex;"
      >
        <div>
          component
        </div>
      </div>
      <div
        style="margin: 0px; padding: 0px; position: absolute; height: 100%; top: 0px; left: 200px; visibility: visible; display: flex;"
      >
        <div>
          component
        </div>
      </div>
    </div>
  </div>
</DocumentFragment>
`;

exports[`horizontal should render fragments 1`] = `
<DocumentFragment>
  <div
    style="display: inline-block; width: auto; height: 100%;"
  >
    <div
      style="position: relative; visibility: hidden; width: 1024px; height: 100%; pointer-events: auto;"
    >
      <div
        style="margin: 0px; padding: 0px; position: absolute; height: 100%; top: 0px; left: 0px; visibility: visible; display: flex;"
      >
        <div>
          fragment
        </div>
        <div>
          fragment
        </div>
        <div>
          fragment
        </div>
      </div>
      <div
        style="margin: 0px; padding: 0px; position: absolute; height: 100%; top: 0px; left: 100px; visibility: visible; display: flex;"
      >
        <div>
          fragment
        </div>
      </div>
    </div>
  </div>
</DocumentFragment>
`;

exports[`horizontal should render non elements 1`] = `
<DocumentFragment>
  <div
    style="display: inline-block; width: auto; height: 100%;"
  >
    <div
      style="position: relative; visibility: hidden; width: 1024px; height: 100%; pointer-events: auto;"
    >
      <div
        style="margin: 0px; padding: 0px; position: absolute; height: 100%; top: 0px; left: 0px; visibility: visible; display: flex;"
      >
        string
      </div>
      <div
        style="margin: 0px; padding: 0px; position: absolute; height: 100%; top: 0px; left: 100px; visibility: visible; display: flex;"
      >
        123
      </div>
    </div>
  </div>
</DocumentFragment>
`;

exports[`horizontal should render with given width / height 1`] = `
<DocumentFragment>
  <div
    style="display: inline-block; width: 100px; height: 800px;"
  >
    <div
      style="position: relative; visibility: hidden; width: 1024px; height: 100%; pointer-events: auto;"
    >
      <div
        style="margin: 0px; padding: 0px; position: absolute; height: 100%; top: 0px; left: 0px; visibility: visible; display: flex;"
      >
        <div>
          0
        </div>
      </div>
      <div
        style="margin: 0px; padding: 0px; position: absolute; height: 100%; top: 0px; left: 100px; visibility: visible; display: flex;"
      >
        <div>
          1
        </div>
      </div>
      <div
        style="margin: 0px; padding: 0px; position: absolute; height: 100%; top: 0px; left: 200px; visibility: visible; display: flex;"
      >
        <div>
          2
        </div>
      </div>
      <div
        style="margin: 0px; padding: 0px; position: absolute; height: 100%; top: 0px; left: 300px; visibility: visible; display: flex;"
      >
        <div>
          3
        </div>
      </div>
      <div
        style="margin: 0px; padding: 0px; position: absolute; height: 100%; top: 0px; left: 400px; visibility: visible; display: flex;"
      >
        <div>
          4
        </div>
      </div>
    </div>
  </div>
</DocumentFragment>
`;

exports[`should change components 1`] = `
<DocumentFragment>
  <div
    style="display: block; width: 100%; height: auto;"
  >
    <ul
      style="position: relative; height: 768px; margin: 0px;"
    >
      <li
        style="margin: 0px; padding: 0px; position: absolute; width: 100%; left: 0px; top: 0px; visibility: visible;"
      >
        <div>
          0
        </div>
      </li>
      <li
        style="margin: 0px; padding: 0px; position: absolute; width: 100%; left: 0px; top: 50px; visibility: visible;"
      >
        <div>
          1
        </div>
      </li>
      <li
        style="margin: 0px; padding: 0px; position: absolute; width: 100%; left: 0px; top: 100px; visibility: visible;"
      >
        <div>
          2
        </div>
      </li>
      <li
        style="margin: 0px; padding: 0px; position: absolute; width: 100%; left: 0px; top: 150px; visibility: visible;"
      >
        <div>
          3
        </div>
      </li>
      <li
        style="margin: 0px; padding: 0px; position: absolute; width: 100%; left: 0px; top: 200px; visibility: visible;"
      >
        <div>
          4
        </div>
      </li>
    </ul>
  </div>
</DocumentFragment>
`;

exports[`should pass attributes to element 1`] = `
<DocumentFragment>
  <div
    aria-label="test"
    class="class"
    id="id"
    role="list"
    style="display: block; width: 100%; height: auto; background: red;"
    tabindex="0"
  >
    <div
      style="position: relative; visibility: hidden; width: 100%; height: 768px; pointer-events: auto;"
    >
      <div
        style="margin: 0px; padding: 0px; position: absolute; width: 100%; left: 0px; top: 0px; visibility: visible;"
      >
        <div>
          0
        </div>
      </div>
    </div>
  </div>
</DocumentFragment>
`;

exports[`vertical should render 1 children 1`] = `
<DocumentFragment>
  <div
    style="display: block; width: 100%; height: auto;"
  >
    <div
      style="position: relative; visibility: hidden; width: 100%; height: 768px; pointer-events: auto;"
    >
      <div
        style="margin: 0px; padding: 0px; position: absolute; width: 100%; left: 0px; top: 0px; visibility: visible;"
      >
        <div>
          0
        </div>
      </div>
    </div>
  </div>
</DocumentFragment>
`;

exports[`vertical should render 5 children 1`] = `
<DocumentFragment>
  <div
    style="display: block; width: 100%; height: auto;"
  >
    <div
      style="position: relative; visibility: hidden; width: 100%; height: 768px; pointer-events: auto;"
    >
      <div
        style="margin: 0px; padding: 0px; position: absolute; width: 100%; left: 0px; top: 0px; visibility: visible;"
      >
        <div>
          0
        </div>
      </div>
      <div
        style="margin: 0px; padding: 0px; position: absolute; width: 100%; left: 0px; top: 50px; visibility: visible;"
      >
        <div>
          1
        </div>
      </div>
      <div
        style="margin: 0px; padding: 0px; position: absolute; width: 100%; left: 0px; top: 100px; visibility: visible;"
      >
        <div>
          2
        </div>
      </div>
      <div
        style="margin: 0px; padding: 0px; position: absolute; width: 100%; left: 0px; top: 150px; visibility: visible;"
      >
        <div>
          3
        </div>
      </div>
      <div
        style="margin: 0px; padding: 0px; position: absolute; width: 100%; left: 0px; top: 200px; visibility: visible;"
      >
        <div>
          4
        </div>
      </div>
    </div>
  </div>
</DocumentFragment>
`;

exports[`vertical should render 100 children 1`] = `
<DocumentFragment>
  <div
    style="display: block; width: 100%; height: auto;"
  >
    <div
      style="position: relative; visibility: hidden; width: 100%; height: 5000px; pointer-events: auto;"
    >
      <div
        style="margin: 0px; padding: 0px; position: absolute; width: 100%; left: 0px; top: 0px; visibility: visible;"
      >
        <div>
          0
        </div>
      </div>
      <div
        style="margin: 0px; padding: 0px; position: absolute; width: 100%; left: 0px; top: 50px; visibility: visible;"
      >
        <div>
          1
        </div>
      </div>
      <div
        style="margin: 0px; padding: 0px; position: absolute; width: 100%; left: 0px; top: 100px; visibility: visible;"
      >
        <div>
          2
        </div>
      </div>
      <div
        style="margin: 0px; padding: 0px; position: absolute; width: 100%; left: 0px; top: 150px; visibility: visible;"
      >
        <div>
          3
        </div>
      </div>
      <div
        style="margin: 0px; padding: 0px; position: absolute; width: 100%; left: 0px; top: 200px; visibility: visible;"
      >
        <div>
          4
        </div>
      </div>
      <div
        style="margin: 0px; padding: 0px; position: absolute; width: 100%; left: 0px; top: 250px; visibility: visible;"
      >
        <div>
          5
        </div>
      </div>
      <div
        style="margin: 0px; padding: 0px; position: absolute; width: 100%; left: 0px; top: 300px; visibility: visible;"
      >
        <div>
          6
        </div>
      </div>
      <div
        style="margin: 0px; padding: 0px; position: absolute; width: 100%; left: 0px; top: 350px; visibility: visible;"
      >
        <div>
          7
        </div>
      </div>
      <div
        style="margin: 0px; padding: 0px; position: absolute; width: 100%; left: 0px; top: 400px; visibility: visible;"
      >
        <div>
          8
        </div>
      </div>
      <div
        style="margin: 0px; padding: 0px; position: absolute; width: 100%; left: 0px; top: 450px; visibility: visible;"
      >
        <div>
          9
        </div>
      </div>
      <div
        style="margin: 0px; padding: 0px; position: absolute; width: 100%; left: 0px; top: 500px; visibility: visible;"
      >
        <div>
          10
        </div>
      </div>
      <div
        style="margin: 0px; padding: 0px; position: absolute; width: 100%; left: 0px; top: 550px; visibility: visible;"
      >
        <div>
          11
        </div>
      </div>
      <div
        style="margin: 0px; padding: 0px; position: absolute; width: 100%; left: 0px; top: 600px; visibility: visible;"
      >
        <div>
          12
        </div>
      </div>
      <div
        style="margin: 0px; padding: 0px; position: absolute; width: 100%; left: 0px; top: 650px; visibility: visible;"
      >
        <div>
          13
        </div>
      </div>
      <div
        style="margin: 0px; padding: 0px; position: absolute; width: 100%; left: 0px; top: 700px; visibility: visible;"
      >
        <div>
          14
        </div>
      </div>
      <div
        style="margin: 0px; padding: 0px; position: absolute; width: 100%; left: 0px; top: 750px; visibility: visible;"
      >
        <div>
          15
        </div>
      </div>
      <div
        style="margin: 0px; padding: 0px; position: absolute; width: 100%; left: 0px; top: 800px; visibility: visible;"
      >
        <div>
          16
        </div>
      </div>
      <div
        style="margin: 0px; padding: 0px; position: absolute; width: 100%; left: 0px; top: 850px; visibility: visible;"
      >
        <div>
          17
        </div>
      </div>
      <div
        style="margin: 0px; padding: 0px; position: absolute; width: 100%; left: 0px; top: 900px; visibility: visible;"
      >
        <div>
          18
        </div>
      </div>
      <div
        style="margin: 0px; padding: 0px; position: absolute; width: 100%; left: 0px; top: 950px; visibility: visible;"
      >
        <div>
          19
        </div>
      </div>
    </div>
  </div>
</DocumentFragment>
`;

exports[`vertical should render 1000 children 1`] = `
<DocumentFragment>
  <div
    style="display: block; width: 100%; height: auto;"
  >
    <div
      style="position: relative; visibility: hidden; width: 100%; height: 50000px; pointer-events: auto;"
    >
      <div
        style="margin: 0px; padding: 0px; position: absolute; width: 100%; left: 0px; top: 0px; visibility: visible;"
      >
        <div>
          0
        </div>
      </div>
      <div
        style="margin: 0px; padding: 0px; position: absolute; width: 100%; left: 0px; top: 50px; visibility: visible;"
      >
        <div>
          1
        </div>
      </div>
      <div
        style="margin: 0px; padding: 0px; position: absolute; width: 100%; left: 0px; top: 100px; visibility: visible;"
      >
        <div>
          2
        </div>
      </div>
      <div
        style="margin: 0px; padding: 0px; position: absolute; width: 100%; left: 0px; top: 150px; visibility: visible;"
      >
        <div>
          3
        </div>
      </div>
      <div
        style="margin: 0px; padding: 0px; position: absolute; width: 100%; left: 0px; top: 200px; visibility: visible;"
      >
        <div>
          4
        </div>
      </div>
      <div
        style="margin: 0px; padding: 0px; position: absolute; width: 100%; left: 0px; top: 250px; visibility: visible;"
      >
        <div>
          5
        </div>
      </div>
      <div
        style="margin: 0px; padding: 0px; position: absolute; width: 100%; left: 0px; top: 300px; visibility: visible;"
      >
        <div>
          6
        </div>
      </div>
      <div
        style="margin: 0px; padding: 0px; position: absolute; width: 100%; left: 0px; top: 350px; visibility: visible;"
      >
        <div>
          7
        </div>
      </div>
      <div
        style="margin: 0px; padding: 0px; position: absolute; width: 100%; left: 0px; top: 400px; visibility: visible;"
      >
        <div>
          8
        </div>
      </div>
      <div
        style="margin: 0px; padding: 0px; position: absolute; width: 100%; left: 0px; top: 450px; visibility: visible;"
      >
        <div>
          9
        </div>
      </div>
      <div
        style="margin: 0px; padding: 0px; position: absolute; width: 100%; left: 0px; top: 500px; visibility: visible;"
      >
        <div>
          10
        </div>
      </div>
      <div
        style="margin: 0px; padding: 0px; position: absolute; width: 100%; left: 0px; top: 550px; visibility: visible;"
      >
        <div>
          11
        </div>
      </div>
      <div
        style="margin: 0px; padding: 0px; position: absolute; width: 100%; left: 0px; top: 600px; visibility: visible;"
      >
        <div>
          12
        </div>
      </div>
      <div
        style="margin: 0px; padding: 0px; position: absolute; width: 100%; left: 0px; top: 650px; visibility: visible;"
      >
        <div>
          13
        </div>
      </div>
      <div
        style="margin: 0px; padding: 0px; position: absolute; width: 100%; left: 0px; top: 700px; visibility: visible;"
      >
        <div>
          14
        </div>
      </div>
      <div
        style="margin: 0px; padding: 0px; position: absolute; width: 100%; left: 0px; top: 750px; visibility: visible;"
      >
        <div>
          15
        </div>
      </div>
      <div
        style="margin: 0px; padding: 0px; position: absolute; width: 100%; left: 0px; top: 800px; visibility: visible;"
      >
        <div>
          16
        </div>
      </div>
      <div
        style="margin: 0px; padding: 0px; position: absolute; width: 100%; left: 0px; top: 850px; visibility: visible;"
      >
        <div>
          17
        </div>
      </div>
      <div
        style="margin: 0px; padding: 0px; position: absolute; width: 100%; left: 0px; top: 900px; visibility: visible;"
      >
        <div>
          18
        </div>
      </div>
      <div
        style="margin: 0px; padding: 0px; position: absolute; width: 100%; left: 0px; top: 950px; visibility: visible;"
      >
        <div>
          19
        </div>
      </div>
    </div>
  </div>
</DocumentFragment>
`;

exports[`vertical should render 10000 children 1`] = `
<DocumentFragment>
  <div
    style="display: block; width: 100%; height: auto;"
  >
    <div
      style="position: relative; visibility: hidden; width: 100%; height: 500000px; pointer-events: auto;"
    >
      <div
        style="margin: 0px; padding: 0px; position: absolute; width: 100%; left: 0px; top: 0px; visibility: visible;"
      >
        <div>
          0
        </div>
      </div>
      <div
        style="margin: 0px; padding: 0px; position: absolute; width: 100%; left: 0px; top: 50px; visibility: visible;"
      >
        <div>
          1
        </div>
      </div>
      <div
        style="margin: 0px; padding: 0px; position: absolute; width: 100%; left: 0px; top: 100px; visibility: visible;"
      >
        <div>
          2
        </div>
      </div>
      <div
        style="margin: 0px; padding: 0px; position: absolute; width: 100%; left: 0px; top: 150px; visibility: visible;"
      >
        <div>
          3
        </div>
      </div>
      <div
        style="margin: 0px; padding: 0px; position: absolute; width: 100%; left: 0px; top: 200px; visibility: visible;"
      >
        <div>
          4
        </div>
      </div>
      <div
        style="margin: 0px; padding: 0px; position: absolute; width: 100%; left: 0px; top: 250px; visibility: visible;"
      >
        <div>
          5
        </div>
      </div>
      <div
        style="margin: 0px; padding: 0px; position: absolute; width: 100%; left: 0px; top: 300px; visibility: visible;"
      >
        <div>
          6
        </div>
      </div>
      <div
        style="margin: 0px; padding: 0px; position: absolute; width: 100%; left: 0px; top: 350px; visibility: visible;"
      >
        <div>
          7
        </div>
      </div>
      <div
        style="margin: 0px; padding: 0px; position: absolute; width: 100%; left: 0px; top: 400px; visibility: visible;"
      >
        <div>
          8
        </div>
      </div>
      <div
        style="margin: 0px; padding: 0px; position: absolute; width: 100%; left: 0px; top: 450px; visibility: visible;"
      >
        <div>
          9
        </div>
      </div>
      <div
        style="margin: 0px; padding: 0px; position: absolute; width: 100%; left: 0px; top: 500px; visibility: visible;"
      >
        <div>
          10
        </div>
      </div>
      <div
        style="margin: 0px; padding: 0px; position: absolute; width: 100%; left: 0px; top: 550px; visibility: visible;"
      >
        <div>
          11
        </div>
      </div>
      <div
        style="margin: 0px; padding: 0px; position: absolute; width: 100%; left: 0px; top: 600px; visibility: visible;"
      >
        <div>
          12
        </div>
      </div>
      <div
        style="margin: 0px; padding: 0px; position: absolute; width: 100%; left: 0px; top: 650px; visibility: visible;"
      >
        <div>
          13
        </div>
      </div>
      <div
        style="margin: 0px; padding: 0px; position: absolute; width: 100%; left: 0px; top: 700px; visibility: visible;"
      >
        <div>
          14
        </div>
      </div>
      <div
        style="margin: 0px; padding: 0px; position: absolute; width: 100%; left: 0px; top: 750px; visibility: visible;"
      >
        <div>
          15
        </div>
      </div>
      <div
        style="margin: 0px; padding: 0px; position: absolute; width: 100%; left: 0px; top: 800px; visibility: visible;"
      >
        <div>
          16
        </div>
      </div>
      <div
        style="margin: 0px; padding: 0px; position: absolute; width: 100%; left: 0px; top: 850px; visibility: visible;"
      >
        <div>
          17
        </div>
      </div>
      <div
        style="margin: 0px; padding: 0px; position: absolute; width: 100%; left: 0px; top: 900px; visibility: visible;"
      >
        <div>
          18
        </div>
      </div>
      <div
        style="margin: 0px; padding: 0px; position: absolute; width: 100%; left: 0px; top: 950px; visibility: visible;"
      >
        <div>
          19
        </div>
      </div>
    </div>
  </div>
</DocumentFragment>
`;

exports[`vertical should render component 1`] = `
<DocumentFragment>
  <div
    style="display: block; width: 100%; height: auto;"
  >
    <div
      style="position: relative; visibility: hidden; width: 100%; height: 768px; pointer-events: auto;"
    >
      <div
        style="margin: 0px; padding: 0px; position: absolute; width: 100%; left: 0px; top: 0px; visibility: visible;"
      >
        <div>
          component
        </div>
      </div>
      <div
        style="margin: 0px; padding: 0px; position: absolute; width: 100%; left: 0px; top: 50px; visibility: visible;"
      >
        <div>
          component
        </div>
      </div>
      <div
        style="margin: 0px; padding: 0px; position: absolute; width: 100%; left: 0px; top: 100px; visibility: visible;"
      >
        <div>
          component
        </div>
      </div>
    </div>
  </div>
</DocumentFragment>
`;

exports[`vertical should render fragments 1`] = `
<DocumentFragment>
  <div
    style="display: block; width: 100%; height: auto;"
  >
    <div
      style="position: relative; visibility: hidden; width: 100%; height: 768px; pointer-events: auto;"
    >
      <div
        style="margin: 0px; padding: 0px; position: absolute; width: 100%; left: 0px; top: 0px; visibility: visible;"
      >
        <div>
          fragment
        </div>
        <div>
          fragment
        </div>
        <div>
          fragment
        </div>
      </div>
      <div
        style="margin: 0px; padding: 0px; position: absolute; width: 100%; left: 0px; top: 50px; visibility: visible;"
      >
        <div>
          fragment
        </div>
      </div>
    </div>
  </div>
</DocumentFragment>
`;

exports[`vertical should render non elements 1`] = `
<DocumentFragment>
  <div
    style="display: block; width: 100%; height: auto;"
  >
    <div
      style="position: relative; visibility: hidden; width: 100%; height: 768px; pointer-events: auto;"
    >
      <div
        style="margin: 0px; padding: 0px; position: absolute; width: 100%; left: 0px; top: 0px; visibility: visible;"
      >
        string
      </div>
      <div
        style="margin: 0px; padding: 0px; position: absolute; width: 100%; left: 0px; top: 50px; visibility: visible;"
      >
        123
      </div>
    </div>
  </div>
</DocumentFragment>
`;

exports[`vertical should render with given width / height 1`] = `
<DocumentFragment>
  <div
    style="display: block; width: 100px; height: 800px;"
  >
    <div
      style="position: relative; visibility: hidden; width: 100%; height: 768px; pointer-events: auto;"
    >
      <div
        style="margin: 0px; padding: 0px; position: absolute; width: 100%; left: 0px; top: 0px; visibility: visible;"
      >
        <div>
          0
        </div>
      </div>
      <div
        style="margin: 0px; padding: 0px; position: absolute; width: 100%; left: 0px; top: 50px; visibility: visible;"
      >
        <div>
          1
        </div>
      </div>
      <div
        style="margin: 0px; padding: 0px; position: absolute; width: 100%; left: 0px; top: 100px; visibility: visible;"
      >
        <div>
          2
        </div>
      </div>
      <div
        style="margin: 0px; padding: 0px; position: absolute; width: 100%; left: 0px; top: 150px; visibility: visible;"
      >
        <div>
          3
        </div>
      </div>
      <div
        style="margin: 0px; padding: 0px; position: absolute; width: 100%; left: 0px; top: 200px; visibility: visible;"
      >
        <div>
          4
        </div>
      </div>
    </div>
  </div>
</DocumentFragment>
`;
