// Vitest Snapshot v1, https://vitest.dev/guide/snapshot.html

exports[`SSR > should render items with renderToString and horizontal 1`] = `"<div style="display:inline-block;overflow-x:auto;contain:strict;width:100%;height:100%;" id="list-id"><div style="overflow-anchor:none;flex:none;position:relative;visibility:hidden;width:40000px;height:100%;"><div style="height:100%;top:0px;left:0px;visibility:visible;display:flex;"><div>0</div></div><div style="height:100%;top:0px;left:40px;visibility:visible;display:flex;"><div>1</div></div><div style="height:100%;top:0px;left:80px;visibility:visible;display:flex;"><div>2</div></div><div style="height:100%;top:0px;left:120px;visibility:visible;display:flex;"><div>3</div></div><div style="height:100%;top:0px;left:160px;visibility:visible;display:flex;"><div>4</div></div><div style="height:100%;top:0px;left:200px;visibility:visible;display:flex;"><div>5</div></div><div style="height:100%;top:0px;left:240px;visibility:visible;display:flex;"><div>6</div></div><div style="height:100%;top:0px;left:280px;visibility:visible;display:flex;"><div>7</div></div><div style="height:100%;top:0px;left:320px;visibility:visible;display:flex;"><div>8</div></div><div style="height:100%;top:0px;left:360px;visibility:visible;display:flex;"><div>9</div></div><div style="height:100%;top:0px;left:400px;visibility:visible;display:flex;"><div>10</div></div><div style="height:100%;top:0px;left:440px;visibility:visible;display:flex;"><div>11</div></div><div style="height:100%;top:0px;left:480px;visibility:visible;display:flex;"><div>12</div></div><div style="height:100%;top:0px;left:520px;visibility:visible;display:flex;"><div>13</div></div></div></div>"`;

exports[`SSR > should render items with renderToString and vertical 1`] = `"<div style="display:block;overflow-y:auto;contain:strict;width:100%;height:100%;" id="list-id"><div style="overflow-anchor:none;flex:none;position:relative;visibility:hidden;width:100%;height:40000px;"><div style="width:100%;left:0px;top:0px;visibility:visible;"><div>0</div></div><div style="width:100%;left:0px;top:40px;visibility:visible;"><div>1</div></div><div style="width:100%;left:0px;top:80px;visibility:visible;"><div>2</div></div><div style="width:100%;left:0px;top:120px;visibility:visible;"><div>3</div></div><div style="width:100%;left:0px;top:160px;visibility:visible;"><div>4</div></div><div style="width:100%;left:0px;top:200px;visibility:visible;"><div>5</div></div><div style="width:100%;left:0px;top:240px;visibility:visible;"><div>6</div></div><div style="width:100%;left:0px;top:280px;visibility:visible;"><div>7</div></div><div style="width:100%;left:0px;top:320px;visibility:visible;"><div>8</div></div><div style="width:100%;left:0px;top:360px;visibility:visible;"><div>9</div></div><div style="width:100%;left:0px;top:400px;visibility:visible;"><div>10</div></div><div style="width:100%;left:0px;top:440px;visibility:visible;"><div>11</div></div><div style="width:100%;left:0px;top:480px;visibility:visible;"><div>12</div></div><div style="width:100%;left:0px;top:520px;visibility:visible;"><div>13</div></div></div></div>"`;
